�
U-Boot SPL 2020.04 (Sep 08 2021 - 13:11:55 +0000)
DDRINFO: start DRAM init
DDRINFO: DRAM rate 4000MTS
DDRINFO:ddrphy calibration done
DDRINFO: ddrmix config done
Normal Boot
Trying to boot from BOOTROM
image offset 0x8000, pagesize 0x200, ivt offset 0x0
NOTICE:  BL31: v2.2(release):rel_imx_5.4.70_2.3.0-0-gf1d7187f2-dirty
NOTICE:  BL31: Built : 12:13:24, Sep  8 2021


U-Boot 2020.04 (Sep 08 2021 - 13:11:55 +0000)

CPU:   i.MX8MP[8] rev1.1 1600 MHz (running at 1200 MHz)
CPU:   Industrial temperature grade (-40C to 105C) at 51C
Reset cause: POR
Model: PHYTEC phyCORE-i.MX8MP
       Watchdog enabled
DRAM:  2 GiB
MMC:   FSL_SDHC: 1, FSL_SDHC: 2
Loading Environment from MMC... *** Warning - bad CRC, using default environment

In:    serial
Out:   serial
Err:   serial

 BuildInfo:
  - ATF f1d7187
  - U-Boot 2020.04

Net:   
Warning: ethernet@30bf0000 using MAC address from ROM
eth1: ethernet@30bf0000 [PRIME]
Normal Boot
Hit any key to stop autoboot:  0 
switch to partitions #0, OK
mmc1 is current device
38474240 bytes read in 1648 ms (22.3 MiB/s)
Booting from mmc ...
59763 bytes read in 18 ms (3.2 MiB/s)
## Flattened Device Tree blob at 48000000
   Booting using the fdt blob at 0x48000000
   Loading Device Tree to 00000000bdbe4000, end 00000000bdbf5972 ... OK

Starting kernel ...

[    0.000000] Booting Linux on physical CPU 0x0000000000 [0x410fd034]
[    0.000000] Linux version 5.4.70-bsp-yocto-fsl-i.mx8mp-alpha2 (oe-user@oe-host) (gcc version 9.2.0 (GCC)) #1 SMP PREEMPT Tue Feb 15 07:23:57 UTC 2022
[    0.000000] Machine model: PHYTEC phyBOARD-Pollux i.MX8MP
[    0.000000] efi: Getting EFI parameters from FDT:
[    0.000000] efi: UEFI not found.
[    0.000000] Reserved memory: created CMA memory pool at 0x0000000056000000, size 960 MiB
[    0.000000] OF: reserved mem: initialized node linux,cma, compatible id shared-dma-pool
[    0.000000] NUMA: No NUMA configuration found
[    0.000000] NUMA: Faking a node at [mem 0x0000000040000000-0x00000000bfffffff]
[    0.000000] NUMA: NODE_DATA [mem 0xbfbcd500-0xbfbcefff]
[    0.000000] Zone ranges:
[    0.000000]   DMA32    [mem 0x0000000040000000-0x00000000bfffffff]
[    0.000000]   Normal   empty
[    0.000000] Movable zone start for each node
[    0.000000] Early memory node ranges
[    0.000000]   node   0: [mem 0x0000000040000000-0x00000000557fffff]
[    0.000000]   node   0: [mem 0x0000000056000000-0x00000000923fffff]
[    0.000000]   node   0: [mem 0x0000000094400000-0x00000000bfffffff]
[    0.000000] Initmem setup node 0 [mem 0x0000000040000000-0x00000000bfffffff]
[    0.000000] psci: probing for conduit method from DT.
[    0.000000] psci: PSCIv1.1 detected in firmware.
[    0.000000] psci: Using standard PSCI v0.2 function IDs
[    0.000000] psci: MIGRATE_INFO_TYPE not supported.
[    0.000000] psci: SMC Calling Convention v1.1
[    0.000000] percpu: Embedded 33 pages/cpu s98136 r8192 d28840 u135168
[    0.000000] Detected VIPT I-cache on CPU0
[    0.000000] CPU features: detected: ARM erratum 845719
[    0.000000] CPU features: detected: GIC system register CPU interface
[    0.000000] Speculative Store Bypass Disable mitigation not required
[    0.000000] Built 1 zonelists, mobility grouping on.  Total pages: 505856
[    0.000000] Policy zone: DMA32
[    0.000000] Kernel command line: console=ttymxc0,115200 root=/dev/mmcblk1p2 rootwait rw
[    0.000000] Dentry cache hash table entries: 262144 (order: 9, 2097152 bytes, linear)
[    0.000000] Inode-cache hash table entries: 131072 (order: 8, 1048576 bytes, linear)
[    0.000000] mem auto-init: stack:off, heap alloc:off, heap free:off
[    0.000000] Memory: 993772K/2056192K available (19836K kernel code, 2564K rwdata, 8260K rodata, 6848K init, 1055K bss, 79380K reserved, 983040K cma-reserved)
[    0.000000] SLUB: HWalign=64, Order=0-3, MinObjects=0, CPUs=4, Nodes=1
[    0.000000] ftrace: allocating 63386 entries in 248 pages
[    0.000000] rcu: Preemptible hierarchical RCU implementation.
[    0.000000] rcu:     RCU restricting CPUs from NR_CPUS=256 to nr_cpu_ids=4.
[    0.000000]  Tasks RCU enabled.
[    0.000000] rcu: RCU calculated value of scheduler-enlistment delay is 25 jiffies.
[    0.000000] rcu: Adjusting geometry for rcu_fanout_leaf=16, nr_cpu_ids=4
[    0.000000] NR_IRQS: 64, nr_irqs: 64, preallocated irqs: 0
[    0.000000] GICv3: GIC: Using split EOI/Deactivate mode
[    0.000000] GICv3: 160 SPIs implemented
[    0.000000] GICv3: 0 Extended SPIs implemented
[    0.000000] GICv3: Distributor has no Range Selector support
[    0.000000] GICv3: 16 PPIs implemented
[    0.000000] GICv3: no VLPI support, no direct LPI support
[    0.000000] GICv3: CPU0: found redistributor 0 region 0:0x0000000038880000
[    0.000000] ITS: No ITS available, not enabling LPIs
[    0.000000] random: get_random_bytes called from start_kernel+0x320/0x4b4 with crng_init=0
[    0.000000] arch_timer: cp15 timer(s) running at 8.00MHz (phys).
[    0.000000] clocksource: arch_sys_counter: mask: 0xffffffffffffff max_cycles: 0x1d854df40, max_idle_ns: 440795202120 ns
[    0.000003] sched_clock: 56 bits at 8MHz, resolution 125ns, wraps every 2199023255500ns
[    0.000489] Console: colour dummy device 80x25
[    0.000559] Calibrating delay loop (skipped), value calculated using timer frequency.. 16.00 BogoMIPS (lpj=32000)
[    0.000569] pid_max: default: 32768 minimum: 301
[    0.000658] LSM: Security Framework initializing
[    0.000718] Mount-cache hash table entries: 4096 (order: 3, 32768 bytes, linear)
[    0.000732] Mountpoint-cache hash table entries: 4096 (order: 3, 32768 bytes, linear)
[    0.001927] ASID allocator initialised with 32768 entries
[    0.002015] rcu: Hierarchical SRCU implementation.
[    0.005620] EFI services will not be available.
[    0.005883] smp: Bringing up secondary CPUs ...
[    0.006305] Detected VIPT I-cache on CPU1
[    0.006329] GICv3: CPU1: found redistributor 1 region 0:0x00000000388a0000
[    0.006359] CPU1: Booted secondary processor 0x0000000001 [0x410fd034]
[    0.006823] Detected VIPT I-cache on CPU2
[    0.006841] GICv3: CPU2: found redistributor 2 region 0:0x00000000388c0000
[    0.006858] CPU2: Booted secondary processor 0x0000000002 [0x410fd034]
[    0.007273] Detected VIPT I-cache on CPU3
[    0.007290] GICv3: CPU3: found redistributor 3 region 0:0x00000000388e0000
[    0.007305] CPU3: Booted secondary processor 0x0000000003 [0x410fd034]
[    0.007366] smp: Brought up 1 node, 4 CPUs
[    0.007386] SMP: Total of 4 processors activated.
[    0.007393] CPU features: detected: 32-bit EL0 Support
[    0.007401] CPU features: detected: CRC32 instructions
[    0.014263] CPU: All CPU(s) started at EL2
[    0.014285] alternatives: patching kernel code
[    0.015402] devtmpfs: initialized
[    0.024591] clocksource: jiffies: mask: 0xffffffff max_cycles: 0xffffffff, max_idle_ns: 7645041785100000 ns
[    0.024606] futex hash table entries: 1024 (order: 4, 65536 bytes, linear)
[    0.048540] pinctrl core: initialized pinctrl subsystem
[    0.049377] DMI not present or invalid.
[    0.049618] NET: Registered protocol family 16
[    0.057046] DMA: preallocated 256 KiB pool for atomic allocations
[    0.057072] audit: initializing netlink subsys (disabled)
[    0.057308] audit: type=2000 audit(0.056:1): state=initialized audit_enabled=0 res=1
[    0.058331] cpuidle: using governor menu
[    0.058879] hw-breakpoint: found 6 breakpoint and 4 watchpoint registers.
[    0.060040] Serial: AMBA PL011 UART driver
[    0.060125] imx mu driver is registered.
[    0.060147] imx rpmsg driver is registered.
[    0.065936] imx8mp-pinctrl 30330000.pinctrl: initialized IMX pinctrl driver
[    0.096782] HugeTLB registered 1.00 GiB page size, pre-allocated 0 pages
[    0.096790] HugeTLB registered 32.0 MiB page size, pre-allocated 0 pages
[    0.096795] HugeTLB registered 2.00 MiB page size, pre-allocated 0 pages
[    0.096802] HugeTLB registered 64.0 KiB page size, pre-allocated 0 pages
[    0.097698] cryptd: max_cpu_qlen set to 1000
[    0.101336] ACPI: Interpreter disabled.
[    0.102861] iommu: Default domain type: Translated 
[    0.103007] vgaarb: loaded
[    0.103316] SCSI subsystem initialized
[    0.103687] usbcore: registered new interface driver usbfs
[    0.103729] usbcore: registered new interface driver hub
[    0.103793] usbcore: registered new device driver usb
[    0.105750] mc: Linux media interface: v0.10
[    0.105780] videodev: Linux video capture interface: v2.00
[    0.105863] pps_core: LinuxPPS API ver. 1 registered
[    0.105870] pps_core: Software ver. 5.3.6 - Copyright 2005-2007 Rodolfo Giometti <giometti@linux.it>
[    0.105886] PTP clock support registered
[    0.106080] EDAC MC: Ver: 3.0.0
[    0.107087] No BMan portals available!
[    0.107319] QMan: Allocated lookup table at (____ptrval____), entry count 65537
[    0.107684] No QMan portals available!
[    0.108221] No USDPAA memory, no 'fsl,usdpaa-mem' in device-tree
[    0.108788] FPGA manager framework
[    0.108900] Advanced Linux Sound Architecture Driver Initialized.
[    0.109289] Bluetooth: Core ver 2.22
[    0.109319] NET: Registered protocol family 31
[    0.109324] Bluetooth: HCI device and connection manager initialized
[    0.109334] Bluetooth: HCI socket layer initialized
[    0.109342] Bluetooth: L2CAP socket layer initialized
[    0.109357] Bluetooth: SCO socket layer initialized
[    0.110186] clocksource: Switched to clocksource arch_sys_counter
[    0.751455] VFS: Disk quotas dquot_6.6.0
[    0.751505] VFS: Dquot-cache hash table entries: 512 (order 0, 4096 bytes)
[    0.751699] pnp: PnP ACPI: disabled
[    0.758889] thermal_sys: Registered thermal governor 'step_wise'
[    0.758891] thermal_sys: Registered thermal governor 'power_allocator'
[    0.759310] NET: Registered protocol family 2
[    0.759613] tcp_listen_portaddr_hash hash table entries: 1024 (order: 2, 16384 bytes, linear)
[    0.759648] TCP established hash table entries: 16384 (order: 5, 131072 bytes, linear)
[    0.759756] TCP bind hash table entries: 16384 (order: 6, 262144 bytes, linear)
[    0.759970] TCP: Hash tables configured (established 16384 bind 16384)
[    0.760048] UDP hash table entries: 1024 (order: 3, 32768 bytes, linear)
[    0.760090] UDP-Lite hash table entries: 1024 (order: 3, 32768 bytes, linear)
[    0.760227] NET: Registered protocol family 1
[    0.760577] RPC: Registered named UNIX socket transport module.
[    0.760582] RPC: Registered udp transport module.
[    0.760586] RPC: Registered tcp transport module.
[    0.760590] RPC: Registered tcp NFSv4.1 backchannel transport module.
[    0.760958] PCI: CLS 0 bytes, default 64
[    0.761677] hw perfevents: enabled with armv8_pmuv3 PMU driver, 7 counters available
[    0.762078] kvm [1]: IPA Size Limit: 40bits
[    0.763427] kvm [1]: GICv3: no GICV resource entry
[    0.763434] kvm [1]: disabling GICv2 emulation
[    0.763453] kvm [1]: GIC system register CPU interface enabled
[    0.763517] kvm [1]: vgic interrupt IRQ1
[    0.763610] kvm [1]: Hyp mode initialized successfully
[    0.766818] Initialise system trusted keyrings
[    0.766948] workingset: timestamp_bits=44 max_order=19 bucket_order=0
[    0.773226] squashfs: version 4.0 (2009/01/31) Phillip Lougher
[    0.773874] NFS: Registering the id_resolver key type
[    0.773894] Key type id_resolver registered
[    0.773899] Key type id_legacy registered
[    0.773911] nfs4filelayout_init: NFSv4 File Layout Driver Registering...
[    0.773934] jffs2: version 2.2. (NAND) �© 2001-2006 Red Hat, Inc.
[    0.774344] 9p: Installing v9fs 9p2000 file system support
[    0.787381] Key type asymmetric registered
[    0.787388] Asymmetric key parser 'x509' registered
[    0.787424] Block layer SCSI generic (bsg) driver version 0.4 loaded (major 244)
[    0.787432] io scheduler mq-deadline registered
[    0.787439] io scheduler kyber registered
[    0.789907] samsung-hdmi-phy 32fdff00.hdmiphy: failed to get phy apb clk: -517
[    0.795635] EINJ: ACPI disabled.
[    0.802200] i.MX8MP clock driver probe done
[    0.806738] imx-sdma 30bd0000.dma-controller: Direct firmware load for imx/sdma/sdma-imx7d.bin failed with error -2
[    0.806748] imx-sdma 30bd0000.dma-controller: Falling back to sysfs fallback for: imx/sdma/sdma-imx7d.bin
[    0.808947] mxs-dma 33000000.dma-apbh: initialized
[    0.810733] Bus freq driver module loaded
[    0.818285] Serial: 8250/16550 driver, 4 ports, IRQ sharing enabled
[    0.820798] 30860000.serial: ttymxc0 at MMIO 0x30860000 (irq = 28, base_baud = 1500000) is a IMX
[    1.811698] printk: console [ttymxc0] enabled
[    1.816718] 30890000.serial: ttymxc1 at MMIO 0x30890000 (irq = 29, base_baud = 5000000) is a IMX
[    1.829824] imx-lcdifv3 32fc6000.lcd-controller: No irq get
[    1.839131] imx-hdmi-pavi 32fc4000.hdmi-pai-pvi: No pvi clock get
[    1.849338] panel-simple panel1: panel1 supply power not found, using dummy regulator
[    1.857589] panel-simple panel0: panel0 supply power not found, using dummy regulator
[    1.873459] loop: module loaded
[    1.885632] imx ahci driver is registered.
[    1.893827] spi-nor spi0.0: mt25qu512a (65536 Kbytes)
[    1.904586] libphy: Fixed MDIO Bus: probed
[    1.909814] tun: Universal TUN/TAP device driver, 1.6
[    1.915047] CAN device driver interface
[    1.919827] thunder_xcv, ver 1.0
[    1.923097] thunder_bgx, ver 1.0
[    1.926370] nicpf, ver 1.0
[    1.930110] pps pps0: new PPS source ptp0
[    1.939527] Freescale FM module, FMD API version 21.1.0
[    1.945114] Freescale FM Ports module
[    1.948787] fsl_mac: fsl_mac: FSL FMan MAC API based driver
[    1.954603] fsl_dpa: FSL DPAA Ethernet driver
[    1.959124] fsl_advanced: FSL DPAA Advanced drivers:
[    1.964128] fsl_proxy: FSL DPAA Proxy initialization driver
[    1.969860] fsl_oh: FSL FMan Offline Parsing port driver
[    1.976400] hclge is initializing
[    1.979731] hns3: Hisilicon Ethernet Network Driver for Hip08 Family - version
[    1.986963] hns3: Copyright (c) 2017 Huawei Corporation.
[    1.992332] e1000: Intel(R) PRO/1000 Network Driver - version 7.3.21-k8-NAPI
[    1.999386] e1000: Copyright (c) 1999-2006 Intel Corporation.
[    2.005177] e1000e: Intel(R) PRO/1000 Network Driver - 3.2.6-k
[    2.011017] e1000e: Copyright(c) 1999 - 2015 Intel Corporation.
[    2.016979] igb: Intel(R) Gigabit Ethernet Network Driver - version 5.6.0-k
[    2.023946] igb: Copyright (c) 2007-2014 Intel Corporation.
[    2.029570] igbvf: Intel(R) Gigabit Virtual Function Network Driver - version 2.4.0-k
[    2.037416] igbvf: Copyright (c) 2009 - 2012 Intel Corporation.
[    2.043567] sky2: driver version 1.30
[    2.048030] imx-dwmac 30bf0000.ethernet: IRQ eth_lpi not found
[    2.053966] imx-dwmac 30bf0000.ethernet: no reset control found
[    2.060085] imx-dwmac 30bf0000.ethernet: User ID: 0x10, Synopsys ID: 0x51
[    2.066894] imx-dwmac 30bf0000.ethernet:     DWMAC4/5
[    2.071701] imx-dwmac 30bf0000.ethernet: DMA HW capability register supported
[    2.078848] imx-dwmac 30bf0000.ethernet: RX Checksum Offload Engine supported
[    2.085993] imx-dwmac 30bf0000.ethernet: TX Checksum insertion supported
[    2.092703] imx-dwmac 30bf0000.ethernet: Wake-Up On Lan supported
[    2.098823] imx-dwmac 30bf0000.ethernet: Enable RX Mitigation via HW Watchdog Timer
[    2.106491] imx-dwmac 30bf0000.ethernet: Enabled Flow TC (entries=8)
[    2.112860] imx-dwmac 30bf0000.ethernet: Enabling HW TC (entries=256, max_off=256)
[    2.120654] libphy: stmmac: probed
[    2.124310] mdio_bus stmmac-1: MDIO device at address 1 is missing.
[    2.131699] PPP generic driver version 2.4.2
[    2.136180] usbcore: registered new interface driver qmi_wwan
[    2.141979] usbcore: registered new interface driver qmi_wwan_q
[    2.147921] GobiNet: Quectel_Linux&Android_GobiNet_Driver_V1.6
[    2.153798] usbcore: registered new interface driver GobiNet
[    2.159723] VFIO - User Level meta-driver version: 0.3
[    2.170203] ehci_hcd: USB 2.0 'Enhanced' Host Controller (EHCI) Driver
[    2.176764] ehci-pci: EHCI PCI platform driver
[    2.181264] ehci-platform: EHCI generic platform driver
[    2.186745] ohci_hcd: USB 1.1 'Open' Host Controller (OHCI) Driver
[    2.192950] ohci-pci: OHCI PCI platform driver
[    2.197443] ohci-platform: OHCI generic platform driver
[    2.203534] usbcore: registered new interface driver cdc_wdm
[    2.209380] usbcore: registered new interface driver uas
[    2.214749] usbcore: registered new interface driver usb-storage
[    2.220838] usbcore: registered new interface driver usbserial_generic
[    2.227404] usbserial: USB Serial support registered for generic
[    2.233448] usbcore: registered new interface driver ftdi_sio
[    2.239222] usbserial: USB Serial support registered for FTDI USB Serial Device
[    2.246568] usbcore: registered new interface driver option
[    2.252176] usbserial: USB Serial support registered for GSM modem (1-port)
[    2.259176] usbcore: registered new interface driver usb_serial_simple
[    2.265731] usbserial: USB Serial support registered for carelink
[    2.271852] usbserial: USB Serial support registered for zio
[    2.277540] usbserial: USB Serial support registered for funsoft
[    2.283576] usbserial: USB Serial support registered for flashloader
[    2.289957] usbserial: USB Serial support registered for google
[    2.295909] usbserial: USB Serial support registered for libtransistor
[    2.302466] usbserial: USB Serial support registered for vivopay
[    2.308500] usbserial: USB Serial support registered for moto_modem
[    2.314794] usbserial: USB Serial support registered for motorola_tetra
[    2.321437] usbserial: USB Serial support registered for novatel_gps
[    2.327816] usbserial: USB Serial support registered for hp4x
[    2.333592] usbserial: USB Serial support registered for suunto
[    2.339539] usbserial: USB Serial support registered for siemens_mpi
[    2.345938] usbcore: registered new interface driver usb_ehset_test
[    2.355641] input: 30370000.snvs:snvs-powerkey as /devices/platform/soc@0/30000000.bus/30370000.snvs/30370000.snvs:snvs-powerkey/input/input0
[    2.369174] usbcore: registered new interface driver usbtouchscreen
[    2.377357] snvs_rtc 30370000.snvs:snvs-rtc-lp: registered as rtc1
[    2.383735] i2c /dev entries driver
[    2.398025] imx2-wdt 30280000.watchdog: timeout 60 sec (nowayout=0)
[    2.404776] Bluetooth: HCI UART driver ver 2.3
[    2.409235] Bluetooth: HCI UART protocol H4 registered
[    2.414381] Bluetooth: HCI UART protocol BCSP registered
[    2.419726] Bluetooth: HCI UART protocol LL registered
[    2.424873] Bluetooth: HCI UART protocol ATH3K registered
[    2.430303] Bluetooth: HCI UART protocol Three-wire (H5) registered
[    2.436703] Bluetooth: HCI UART protocol Broadcom registered
[    2.442394] Bluetooth: HCI UART protocol QCA registered
[    2.447726] EDAC MC: ECC not enabled
[    2.454200] sdhci: Secure Digital Host Controller Interface driver
[    2.460387] sdhci: Copyright(c) Pierre Ossman
[    2.465042] Synopsys Designware Multimedia Card Interface Driver
[    2.471907] sdhci-pltfm: SDHCI platform and OF driver helper
[    2.478367] mmc0: CQHCI version 5.10
[    2.482467] mmc1: CQHCI version 5.10
[    2.486567] mmc2: CQHCI version 5.10
[    2.522266] mmc2: SDHCI controller on 30b60000.mmc [30b60000.mmc] using ADMA
[    2.532717] ledtrig-cpu: registered to indicate activity on CPUs
[    2.540401] caam 30900000.crypto: device ID = 0x0a16040100000100 (Era 9)
[    2.547125] caam 30900000.crypto: job rings = 3, qi = 0
[    2.568735] caam algorithms registered in /proc/crypto
[    2.574799] caam 30900000.crypto: caam pkc algorithms registered in /proc/crypto
[    2.582237] caam 30900000.crypto: registering rng-caam
[    2.587951] Device caam-keygen registered
[    2.595033] caam-snvs 30370000.caam-snvs: violation handlers armed - non-secure state
[    2.603168] hidraw: raw HID events driver (C) Jiri Kosina
[    2.609145] usbcore: registered new interface driver usbhid
[    2.615853] usbhid: USB HID core driver
[    2.620475] mxc-md 32c00000.bus:camera: deferring cap_device device registration
[    2.629049] mxc-isi 32e00000.isi: mxc_isi.0 registered successfully
[    2.636254] mxc-isi 32e02000.isi: mxc_isi.1 registered successfully
[    2.642489] random: fast init done
[    2.647226] mxc-mipi-csi2-sam 32e40000.csi: 32e40000.csi supply mipi-phy not found, using dummy regulator
[    2.647418] mmc2: new HS400 MMC card at address 0001
[    2.662050] mxc-mipi-csi2-sam 32e40000.csi: lanes: 2, hs_settle: 13, clk_settle: 2, wclk: 1, freq: 500000000
[    2.662281] random: crng init done
[    2.662341] mmcblk2: mmc2:0001 Q2J55L 7.09 GiB 
[    2.662530] mmcblk2boot0: mmc2:0001 Q2J55L partition 1 16.0 MiB
[    2.662727] mmcblk2boot1: mmc2:0001 Q2J55L partition 2 16.0 MiB
[    2.663476] mmcblk2rpmb: mmc2:0001 Q2J55L partition 3 4.00 MiB, chardev (237:0)
[    2.699243] mxc-mipi-csi2-sam 32e50000.csi: 32e50000.csi supply mipi-phy not found, using dummy regulator
[    2.709107] mxc-mipi-csi2-sam 32e50000.csi: lanes: 2, hs_settle: 13, clk_settle: 2, wclk: 1, freq: 266000000
[    2.721354] No fsl,qman node
[    2.724254] Freescale USDPAA process driver
[    2.728446] fsl-usdpaa: no region found
[    2.732289] Freescale USDPAA process IRQ driver
[    2.744935] Galcore version 6.4.3.p1.305572
[    2.882304] [drm] Initialized vivante 1.0.0 20170808 for 40000000.mix_gpu_ml on minor 0
[    2.892071] hantrodec 0 : module inserted. Major = 235
[    2.897803] hantrodec 1 : module inserted. Major = 235
[    2.904581] hantroenc: HW at base <0000000038320000> with ID <0x80006200>
[    2.911508] hx280enc: module inserted. Major <234>
[    2.933107] imx-cdnhdmi sound-hdmi: ASoC: failed to init link imx8 hdmi: -517
[    2.940262] imx-cdnhdmi sound-hdmi: snd_soc_register_card failed (-517)
[    2.947379] pktgen: Packet Generator for packet performance testing. Version: 2.75
[    2.957714] drop_monitor: Initializing network drop monitor service
[    2.964082] NET: Registered protocol family 26
[    2.969113] NET: Registered protocol family 10
[    2.974859] Segment Routing with IPv6
[    2.978593] NET: Registered protocol family 17
[    2.983052] can: controller area network core (rev 20170425 abi 9)
[    2.989280] NET: Registered protocol family 29
[    2.993732] can: raw protocol (rev 20170425)
[    2.998010] can: broadcast manager protocol (rev 20170425 t)
[    3.003684] can: netlink gateway (rev 20190810) max_hops=1
[    3.009963] Bluetooth: RFCOMM TTY layer initialized
[    3.014858] Bluetooth: RFCOMM socket layer initialized
[    3.020023] Bluetooth: RFCOMM ver 1.11
[    3.023785] Bluetooth: BNEP (Ethernet Emulation) ver 1.3
[    3.029103] Bluetooth: BNEP filters: protocol multicast
[    3.034337] Bluetooth: BNEP socket layer initialized
[    3.039310] Bluetooth: HIDP (Human Interface Emulation) ver 1.2
[    3.045239] Bluetooth: HIDP socket layer initialized
[    3.050242] 8021q: 802.1Q VLAN Support v1.8
[    3.054450] lib80211: common routines for IEEE802.11 drivers
[    3.060232] 9pnet: Installing 9P2000 support
[    3.064547] tsn generic netlink module v1 init...
[    3.069319] Key type dns_resolver registered
[    3.074314] registered taskstats version 1
[    3.078424] Loading compiled-in X.509 certificates
[    3.113864] pca9450 0-0025: Device ID=0x30
[    3.117987] pca9450 0-0025: gpio_intr = 114
[    3.122200] pca9450 0-0025: chip_irq=188
[    3.141203] tmp102 0-0048: error reading config register
[    3.147761] tmp102 0-0049: error reading config register
[    3.153647] tmp102 0-004a: error reading config register
[    3.159503] tmp102 0-004b: error reading config register
[    3.165611] at24 0-0051: 4096 byte 24c32 EEPROM, writable, 32 bytes/write
[    3.173131] at24 0-0059: 32 byte 24c32 EEPROM, writable, 32 bytes/write
[    3.180362] rtc-rv3028 0-0052: Voltage low, data loss detected.
[    3.268042] rtc-rv3028 0-0052: Voltage low, data is invalid.
[    3.274153] rtc-rv3028 0-0052: registered as rtc0
[    3.282006] i2c i2c-0: IMX I2C adapter registered
[    3.288634] at24 1-0051: 256 byte 24c02 EEPROM, writable, 16 bytes/write
[    3.295832] link-frequencies 0 value 210000000
[    3.300287] link-frequencies 1 value 168000000
[    3.304862] ov5648 1-0036: 1-0036 supply dvdd not found, using dummy regulator
[    3.312161] ov5648 1-0036: 1-0036 supply dovdd not found, using dummy regulator
[    3.319521] ov5648 1-0036: no AVDD regulator provided, using internal
[    3.328354] i2c i2c-1: IMX I2C adapter registered
[    3.334436] link-frequencies 0 value 456000000
[    3.338916] imx219 2-001a: 2-001a supply VANA not found, using dummy regulator
[    3.346230] imx219 2-001a: 2-001a supply VDIG not found, using dummy regulator
[    3.353500] imx219 2-001a: 2-001a supply VDDL not found, using dummy regulator
[    3.369690] i2c i2c-2: IMX I2C adapter registered
[    3.376007] tlv320aic3x-codec 3-0018: 3-0018 supply IOVDD not found, using dummy regulator
[    3.384354] tlv320aic3x-codec 3-0018: 3-0018 supply DVDD not found, using dummy regulator
[    3.392578] tlv320aic3x-codec 3-0018: 3-0018 supply AVDD not found, using dummy regulator
[    3.400801] tlv320aic3x-codec 3-0018: 3-0018 supply DRVDD not found, using dummy regulator
[    3.409121] tlv320aic3x-codec 3-0018: Invalid supply voltage(s) AVDD: -22, DVDD: -22
[    3.417103] tlv320aic3x-codec 3-0018: Failed to init class D: -6
[    3.481490] i2c i2c-3: IMX I2C adapter registered
[    3.487206] imx8mq-usb-phy 381f0040.usb-phy: 381f0040.usb-phy supply vbus not found, using dummy regulator
[    3.497229] imx8mq-usb-phy 382f0040.usb-phy: 382f0040.usb-phy supply vbus not found, using dummy regulator
[    3.510247] pwm-backlight backlight0: backlight0 supply power not found, using dummy regulator
[    3.518912] imx6q-pcie 33800000.pcie: 33800000.pcie supply epdev_on not found, using dummy regulator
[    3.528331] imx6q-pcie 33800000.pcie: PLL REF_CLK is used!.
[    3.534507] imx6q-pcie 33800000.pcie: PCIe PHY PLL clock is locked.
[    3.544201] [drm] Supports vblank timestamp caching Rev 2 (21.10.2013).
[    3.550839] [drm] No driver support for vblank timestamp query.
[    3.556842] imx-drm display-subsystem: bound imx-lcdifv3-crtc.0 (ops lcdifv3_crtc_ops)
[    3.564818] imx-drm display-subsystem: bound imx-lcdifv3-crtc.1 (ops lcdifv3_crtc_ops)
[    3.566597] imx6q-pcie 33800000.pcie: PCIe PLL locked after 0 us.
[    3.578900] imx6q-pcie 33800000.pcie: host bridge /pcie@33800000 ranges:
[    3.585613] imx6q-pcie 33800000.pcie:   No bus range found for /pcie@33800000, using [bus 00-ff]
[    3.585633] imx6q-pcie 33800000.pcie:    IO 0x1ff80000..0x1ff8ffff -> 0x00000000
[    3.601820] imx6q-pcie 33800000.pcie:   MEM 0x18000000..0x1fefffff -> 0x18000000
[    3.609965] panel-simple panel1: panel1 supply power not found, using dummy regulator
[    3.618242] panel-simple panel0: panel0 supply power not found, using dummy regulator
[    3.627651] pps pps0: new PPS source ptp0
[    3.638271] libphy: fec_enet_mii_bus: probed
[    3.644779] fec 30be0000.ethernet eth1: registered PHC device 0
[    3.651826] xhci-hcd xhci-hcd.1.auto: xHCI Host Controller
[    3.657346] xhci-hcd xhci-hcd.1.auto: new USB bus registered, assigned bus number 1
[    3.665367] xhci-hcd xhci-hcd.1.auto: hcc params 0x0220fe6c hci version 0x110 quirks 0x0000002001810010
[    3.674809] xhci-hcd xhci-hcd.1.auto: irq 69, io mem 0x38100000
[    3.681727] hub 1-0:1.0: USB hub found
[    3.685523] hub 1-0:1.0: 1 port detected
[    3.689802] xhci-hcd xhci-hcd.1.auto: xHCI Host Controller
[    3.695309] xhci-hcd xhci-hcd.1.auto: new USB bus registered, assigned bus number 2
[    3.702999] xhci-hcd xhci-hcd.1.auto: Host supports USB 3.0 SuperSpeed
[    3.709597] usb usb2: We don't know the algorithms for LPM for this host, disabling LPM.
[    3.718809] hub 2-0:1.0: USB hub found
[    3.722594] hub 2-0:1.0: 1 port detected
[    3.728167] xhci-hcd xhci-hcd.2.auto: xHCI Host Controller
[    3.733685] xhci-hcd xhci-hcd.2.auto: new USB bus registered, assigned bus number 3
[    3.741703] xhci-hcd xhci-hcd.2.auto: hcc params 0x0220fe6c hci version 0x110 quirks 0x0000002001810010
[    3.751143] xhci-hcd xhci-hcd.2.auto: irq 70, io mem 0x38200000
[    3.758030] hub 3-0:1.0: USB hub found
[    3.761823] hub 3-0:1.0: 1 port detected
[    3.766093] xhci-hcd xhci-hcd.2.auto: xHCI Host Controller
[    3.771605] xhci-hcd xhci-hcd.2.auto: new USB bus registered, assigned bus number 4
[    3.779281] xhci-hcd xhci-hcd.2.auto: Host supports USB 3.0 SuperSpeed
[    3.785879] usb usb4: We don't know the algorithms for LPM for this host, disabling LPM.
[    3.794813] hub 4-0:1.0: USB hub found
[    3.798594] hub 4-0:1.0: 1 port detected
[    3.806537] imx-cpufreq-dt imx-cpufreq-dt: cpu speed grade 7 mkt segment 2 supported-hw 0x80 0x4
[    3.817066] mmc0: CQHCI version 5.10
[    3.820772] sdhci-esdhc-imx 30b40000.mmc: allocated mmc-pwrseq
[    3.967384] mmc0: SDHCI controller on 30b40000.mmc [30b40000.mmc] using ADMA
[    3.975632] mmc1: CQHCI version 5.10
[    3.979295] sdhci-esdhc-imx 30b50000.mmc: Got CD GPIO
[    4.014645] mmc1: SDHCI controller on 30b50000.mmc [30b50000.mmc] using ADMA
[    4.023414] mx8-img-md: Registered mxc_isi.0.capture as /dev/video0
[    4.030353] mx8-img-md: Registered mxc_isi.1.capture as /dev/video1
[    4.036792] mx8-img-md: Registered sensor subdevice: imx219 2-001a (1)
[    4.043368] mx8-img-md: Registered sensor subdevice: ov5648 1-0036 (2)
[    4.049968] mx8-img-md: created link [mxc_isi.0] => [mxc_isi.0.capture]
[    4.056614] mx8-img-md: created link [mxc-mipi-csi2.0] => [mxc_isi.0]
[    4.063092] mx8-img-md: created link [mxc_isi.1] => [mxc_isi.1.capture]
[    4.069773] mx8-img-md: created link [mxc-mipi-csi2.1] => [mxc_isi.1]
[    4.076272] mx8-img-md: created link [ov5648 1-0036] => [mxc-mipi-csi2.0]
[    4.083117] mx8-img-md: created link [imx219 2-001a] => [mxc-mipi-csi2.1]
[    4.089966] mxc-md 32c00000.bus:camera: mxc_md_create_links
[    4.098328] debugfs: Directory '30c20000.sai' with parent 'snd-peb-av-10' already present!
[    4.106785] asoc-simple-card sound-peb-av-10: tlv320aic3x-hifi <-> 30c20000.sai mapping ok
[    4.110204] usb 3-1: new high-speed USB device number 2 using xhci-hcd
[    4.115114] asoc-simple-card sound-peb-av-10: ASoC: no DMI vendor name!
[    4.131537] imx-cdnhdmi sound-hdmi: ASoC: failed to init link imx8 hdmi: -517
[    4.138740] imx-cdnhdmi sound-hdmi: snd_soc_register_card failed (-517)
[    4.146159] [drm] Supports vblank timestamp caching Rev 2 (21.10.2013).
[    4.152798] [drm] No driver support for vblank timestamp query.
[    4.158807] imx-drm display-subsystem: bound imx-lcdifv3-crtc.0 (ops lcdifv3_crtc_ops)
[    4.166844] imx-drm display-subsystem: bound imx-lcdifv3-crtc.1 (ops lcdifv3_crtc_ops)
[    4.174956] imx-drm display-subsystem: bound 32c00000.bus:ldb@32ec005c (ops imx8mp_ldb_ops)
[    4.183700] dwhdmi-imx 32fd8000.hdmi: Detected HDMI TX controller v2.13a with HDCP (samsung_dw_hdmi_phy2)
[    4.195221] dwhdmi-imx 32fd8000.hdmi: registered DesignWare HDMI I2C bus driver
[    4.205246] imx-drm display-subsystem: bound 32fd8000.hdmi (ops dw_hdmi_imx_ops)
[    4.213418] [drm] Initialized imx-drm 1.0.0 20120507 for display-subsystem on minor 1
[    4.272802] Console: switching to colour frame buffer device 160x50
[    4.294235] imx-drm display-subsystem: fb0: imx-drmdrmfb frame buffer device
[    4.302844] debugfs: Directory '30cb0000.aud2htx' with parent 'audio-hdmi' already present!
[    4.311351] imx-cdnhdmi sound-hdmi: i2s-hifi <-> 30cb0000.aud2htx mapping ok
[    4.318454] imx-cdnhdmi sound-hdmi: ASoC: no DMI vendor name!
[    4.325639] input: audio-hdmi HDMI Jack as /devices/platform/sound-hdmi/sound/card2/input1
[    4.334732] hub 3-1:1.0: USB hub found
[    4.338538] hub 3-1:1.0: 4 ports detected
[    4.338556] mmc1: host does not support reading read-only switch, assuming write-enable
[    4.353112] rtc-rv3028 0-0052: Voltage low, data is invalid.
[    4.358795] rtc-rv3028 0-0052: hctosys: unable to read the hardware clock
[    4.366196] cfg80211: Loading compiled-in X.509 certificates for regulatory database
[    4.378370] cfg80211: Loaded X.509 cert 'sforshee: 00b28ddf47aef9cea7'
[    4.385012] platform regulatory.0: Direct firmware load for regulatory.db failed with error -2
[    4.393638] platform regulatory.0: Falling back to sysfs fallback for: regulatory.db
[    4.402364] usb 4-1: new SuperSpeed Gen 1 USB device number 2 using xhci-hcd
[    4.418812] ALSA device list:
[    4.421787]   #0: Dummy 1
[    4.424415]   #1: snd-peb-av-10
[    4.427586]   #2: audio-hdmi
[    4.458923] hub 4-1:1.0: USB hub found
[    4.463320] hub 4-1:1.0: 4 ports detected
[    4.482095] mmc1: new ultra high speed SDR104 SDHC card at address aaaa
[    4.489452] mmcblk1: mmc1:aaaa SC16G 14.8 GiB 
[    4.498605]  mmcblk1: p1 p2
[    4.606522] imx6q-pcie 33800000.pcie: Phy link never came up
[    4.612229] imx6q-pcie 33800000.pcie: failed to initialize host
[    4.618158] imx6q-pcie 33800000.pcie: unable to add pcie port.
[    4.650077] EXT4-fs (mmcblk1p2): mounted filesystem with ordered data mode. Opts: (null)
[    4.658240] VFS: Mounted root (ext4 filesystem) on device 179:98.
[    4.668592] devtmpfs: mounted
[    4.677731] Freeing unused kernel memory: 6848K
[    4.682314] Run /sbin/init as init process
[    4.833165] systemd[1]: systemd 243.2+ running in system mode. (+PAM -AUDIT -SELINUX -IMA -APPARMOR -SMACK +SYSVINIT -UTMP -LIBCRYPTSETUP -GCRYPT -GNUTLS -ACL -XZ +LZ4 -SECCOMP +BLKID -ELFUTILS +KMOD -IDN2 -)
[    4.855260] systemd[1]: Detected architecture arm64.

Welcome to The Yogurt Distribution BSP-Yocto-FSL-i.MX8MP-ALPHA2!

[    4.905015] systemd[1]: Set hostname to <raibos>.
[    5.127648] systemd[1]: /lib/systemd/system/fancontrol.service:8: PIDFile= references a path below legacy directory /var/run/, updating /var/run/fancontrol.pid ��→ /run/fancontrol.pid; please update the unit.
[    5.169471] systemd[1]: /lib/systemd/system/rpcbind.socket:5: ListenStream= references a path below legacy directory /var/run/, updating /var/run/rpcbind.sock ��→ /run/rpcbind.sock; please update the unit fi.
[    5.192496] systemd[1]: /lib/systemd/system/dbus.socket:5: ListenStream= references a path below legacy directory /var/run/, updating /var/run/dbus/system_bus_socket ��→ /run/dbus/system_bus_socket; please u.
[    5.225408] systemd[1]: Created slice system-getty.slice.
[  OK  ] Created slice system-getty.slice.
[    5.247258] systemd[1]: Created slice system-serial\x2dgetty.slice.
[  OK  ] Created slice system-serial\x2dgetty.slice.
[    5.271466] systemd[1]: Created slice User and Session Slice.
[  OK  ] Created slice User and Session Slice.
[    5.291105] systemd[1]: Started Dispatch Password Requests to Console Directory Watch.
[  OK  ] Started Dispatch Password ��…ts to Console Directory Watch.
[  OK  ] Started Forward Password R��…uests to Wall Directory Watch.
[  OK  ] Reached target Paths.
[  OK  ] Reached target Remote File Systems.
[  OK  ] Reached target Slices.
[  OK  ] Reached target Swap.
[  OK  ] Listening on initctl Compatibility Named Pipe.
[  OK  ] Listening on Journal Audit Socket.
[  OK  ] Listening on Journal Socket (/dev/log).
[  OK  ] Listening on Journal Socket.
[  OK  ] Listening on Network Service Netlink Socket.
[  OK  ] Listening on udev Control Socket.
[  OK  ] Listening on udev Kernel Socket.
         Mounting Huge Pages File System...
         Mounting POSIX Message Queue File System...
         Mounting Kernel Debug File System...
         Mounting Temporary Directory (/tmp)...
         Starting Create list of st��…odes for the current kernel...
         Starting Journal Service...
         Mounting Kernel Configuration File System...
         Starting Remount Root and Kernel File Systems...
         Starting Apply Kernel Variables...
[    5.650546] EXT4-fs (mmcblk1p2): re-mounted. Opts: (null)
         Starting udev Coldplug all Devices...
[  OK  ] Mounted Huge Pages File System.
[  OK  ] Mounted POSIX Message Queue File System.
[  OK  ] Mounted Kernel Debug File System.
[  OK  ] Mounted Temporary Directory (/tmp).
[  OK  ] Started Create list of sta��… nodes for the current kernel.
[  OK  ] Mounted Kernel Configuration File System.
[  OK  ] Started Remount Root and Kernel File Systems.
[  OK  ] Started Apply Kernel Variables.
         Starting Create Static Device Nodes in /dev...
[  OK  ] Started Create Static Device Nodes in /dev.
[  OK  ] Reached target Local File Systems (Pre).
         Mounting /var/volatile...
         Starting udev Kernel Device Manager...
[  OK  ] Started Journal Service.
[  OK  ] Mounted /var/volatile.
         Starting Flush Journal to Persistent Storage...
[    5.967742] systemd-journald[255]: Received client request to flush runtime journal.
[  OK  ] Reached target Local File Systems.
[  OK  ] Started Flush Journal to Persistent Storage.
[  OK  ] Started udev Kernel Device Manager.
         Starting Network Service...
         Starting Create Volatile Files and Directories...
[  OK  ] Started Create Volatile Files and Directories.
[  OK  ] Started Network Service.
         Starting Network Name Resolution...
[  OK  ] Started udev Coldplug all Devices.
[  OK  ] Reached target System Initialization.
[  OK  ] Started Daily Cleanup of Temporary Directories.
[  OK  ] Reached target Boot Completion Check.
[  OK  ] Reached target Timers.
[  OK  ] Listening on D-Bus System Message Bus Socket.
[  OK  ] Listening on RPCbind Server Activation Socket.
         Starting sshd.socket.
         Starting Start Psplash Boot Screen...
[  OK  ] Started Network Name Resolution.
[  OK  ] Listening on sshd.socket.
[  OK  ] Started Start Psplash Boot Screen.
[  OK  ] Created slice system-weston.slice.
[  OK  ] Reached target Network.
[  OK  ] Reached target Host and Network Name Lookups.
[    6.520543] cfg80211: failed to load regulatory.db
[  OK  ] Reached target Sockets.
[  OK  ] Reached target Basic System.
         Starting Save/Restore Sound Card State...
[  OK  ] Started can0 interface setup.
[  OK  ] Started D-Bus System Message Bus.
[    6.632324] IPv6: ADDRCONF(NETDEV_CHANGE): can0: link becomes ready
[  OK  ] Started Start fan control, if configured.
[  OK  ] Started Configuration for i.MX GPU (Former rc_gpu.S).
[    6.682490] TI DP83867 30be0000.ethernet-1:00: attached PHY driver [TI DP83867] (mii_bus:phy_addr=30be0000.ethernet-1:00, irq=89)
         Starting Install MySQL Community Server Database...
[  OK  ] Started Updates psplash to basic.
[  OK  ] Started Update psplash to network.
         Starting Terminate Psplash Boot Screen...
[    6.763080] imx-dwmac 30bf0000.ethernet eth0: no phy at addr -1
[    6.772815] imx-dwmac 30bf0000.ethernet eth0: stmmac_open: Cannot attach to PHY (error: -19)
         Starting Rauc Good-marking Service...
         Starting RPC Bind Service...
         Starting Login Service...
         Starting Permit User Sessions...
[  OK  ] Started HawkBit client for Rauc.
[  OK  ] Started Save/Restore Sound Card State.
[  OK  ] Started Install MySQL Community Server Database.
[  OK  ] Started Terminate Psplash Boot Screen.
[  OK  ] Started RPC Bind Service.
[  OK  ] Started Permit User Sessions.
[    6.985164] imx-sdma 30bd0000.dma-controller: loaded firmware 4.5
[  OK  ] Started Login Service.
[  OK  ] Reached target Sound Card.
[  OK  ] Started Getty on tty1.
[  OK  ] Started NFS status monitor for NFSv2/3 locking..
         Starting Rauc Update Service...
[  OK  ] Started Serial Getty on ttymxc0.
[    7.306140] audit: type=1701 audit(7.300:2): auid=4294967295 uid=0 gid=0 ses=4294967295 pid=490 comm="rauc" exe="/usr/bin/rauc" sig=5 res=1
[  OK  ] Reached target Login Prompts.
         Starting Weston Wayland Compositor (on tty7)...
[FAILED] Failed to start Rauc Update Service.
See 'systemctl status rauc.service' for details.
[  OK  ] Started Weston Wayland Compositor (on tty7).
[  OK  ] Created slice User Slice of UID 0.
         Starting User Runtime Directory /run/user/0...
[  OK  ] Started User Runtime Directory /run/user/0.
         Starting User Manager for UID 0...
[    7.572948] audit: type=1006 audit(7.568:3): pid=495 uid=0 old-auid=4294967295 auid=0 tty=(none) old-ses=4294967295 ses=1 res=1
[  OK  ] Started User Manager for UID 0.
[  OK  ] Started Session c1 of user root.
[   10.650659] fec 30be0000.ethernet eth1: Link is Up - 1Gbps/Full - flow control off
[   10.658264] IPv6: ADDRCONF(NETDEV_CHANGE): eth1: link becomes ready

 ____   _   _ __   __ _____  _____   ____
|  _ \ | | | |\ \ / /|_   _|| ____| / ___|
| |_) || |_| | \ V /   | |  |  _|  | |
|  __/ |  _  |  | |    | |  | |___ | |___
|_|    |_| |_|  |_|    |_|  |_____| \____|

__   __  ___    ____  _   _  ____   _____
\ \ / / / _ \  / ___|| | | ||  _ \ |_   _|
 \ V / | | | || |  _ | | | || |_) |  | |
  | |  | |_| || |_| || |_| ||  _ <   | |
  |_|   \___/  \____| \___/ |_| \_\  |_|


Yogurt Vendor xwayland (Phytec Vendor Distribution) BSP-Yocto-FSL-i.MX8MP-ALPHA2 raibos ttymxc0

raibos login: root
Last login: Thu Jan  1 00:00:07 UTC 1970 on tty7
usermod: no changes
root@raibos:~#