U-Boot SPL 2020.04 (Sep 08 2021 - 13:11:55 +0000)
DDRINFO: start DRAM init
DDRINFO: DRAM rate 4000MTS
DDRINFO:ddrphy calibration done
DDRINFO: ddrmix config done
Normal Boot
Trying to boot from BOOTROM
image offset 0x8000, pagesize 0x200, ivt offset 0x0
NOTICE:  BL31: v2.2(release):rel_imx_5.4.70_2.3.0-0-gf1d7187f2-dirty
NOTICE:  BL31: Built : 12:13:24, Sep  8 2021


U-Boot 2020.04 (Sep 08 2021 - 13:11:55 +0000)

CPU:   i.MX8MP[8] rev1.1 1600 MHz (running at 1200 MHz)
CPU:   Industrial temperature grade (-40C to 105C) at 31C
Reset cause: POR
Model: PHYTEC phyCORE-i.MX8MP
       Watchdog enabled
DRAM:  2 GiB
MMC:   FSL_SDHC: 1, FSL_SDHC: 2
Loading Environment from MMC... *** Warning - bad CRC, using default environment

In:    serial
Out:   serial
Err:   serial

 BuildInfo:
  - ATF f1d7187
  - U-Boot 2020.04

Net:   
Warning: ethernet@30bf0000 using MAC address from ROM
eth1: ethernet@30bf0000 [PRIME]
Normal Boot
Hit any key to stop autoboot:  0 
switch to partitions #0, OK
mmc1 is current device
38472192 bytes read in 1649 ms (22.2 MiB/s)
Booting from mmc ...
59583 bytes read in 17 ms (3.3 MiB/s)
## Flattened Device Tree blob at 48000000
   Booting using the fdt blob at 0x48000000
   Loading Device Tree to 00000000bdbe4000, end 00000000bdbf58be ... OK

Starting kernel ...

[    0.000000] Booting Linux on physical CPU 0x0000000000 [0x410fd034]
[    0.000000] Linux version 5.4.70-bsp-yocto-fsl-i.mx8mp-alpha2 (oe-user@oe-host) (gcc version 9.2.0 (GCC)) #1 SMP PREEMPT Tue Dec 21 06:56:58 UTC 2021
[    0.000000] Machine model: PHYTEC phyBOARD-Pollux i.MX8MP
[    0.000000] efi: Getting EFI parameters from FDT:
[    0.000000] efi: UEFI not found.
[    0.000000] Reserved memory: created CMA memory pool at 0x0000000056000000, size 960 MiB
[    0.000000] OF: reserved mem: initialized node linux,cma, compatible id shared-dma-pool
[    0.000000] NUMA: No NUMA configuration found
[    0.000000] NUMA: Faking a node at [mem 0x0000000040000000-0x00000000bfffffff]
[    0.000000] NUMA: NODE_DATA [mem 0xbfbcd500-0xbfbcefff]
[    0.000000] Zone ranges:
[    0.000000]   DMA32    [mem 0x0000000040000000-0x00000000bfffffff]
[    0.000000]   Normal   empty
[    0.000000] Movable zone start for each node
[    0.000000] Early memory node ranges
[    0.000000]   node   0: [mem 0x0000000040000000-0x00000000557fffff]
[    0.000000]   node   0: [mem 0x0000000056000000-0x00000000923fffff]
[    0.000000]   node   0: [mem 0x0000000094400000-0x00000000bfffffff]
[    0.000000] Initmem setup node 0 [mem 0x0000000040000000-0x00000000bfffffff]
[    0.000000] psci: probing for conduit method from DT.
[    0.000000] psci: PSCIv1.1 detected in firmware.
[    0.000000] psci: Using standard PSCI v0.2 function IDs
[    0.000000] psci: MIGRATE_INFO_TYPE not supported.
[    0.000000] psci: SMC Calling Convention v1.1
[    0.000000] percpu: Embedded 33 pages/cpu s98136 r8192 d28840 u135168
[    0.000000] Detected VIPT I-cache on CPU0
[    0.000000] CPU features: detected: ARM erratum 845719
[    0.000000] CPU features: detected: GIC system register CPU interface
[    0.000000] Speculative Store Bypass Disable mitigation not required
[    0.000000] Built 1 zonelists, mobility grouping on.  Total pages: 505856
[    0.000000] Policy zone: DMA32
[    0.000000] Kernel command line: console=ttymxc0,115200 root=/dev/mmcblk1p2 rootwait rw
[    0.000000] Dentry cache hash table entries: 262144 (order: 9, 2097152 bytes, linear)
[    0.000000] Inode-cache hash table entries: 131072 (order: 8, 1048576 bytes, linear)
[    0.000000] mem auto-init: stack:off, heap alloc:off, heap free:off
[    0.000000] Memory: 993776K/2056192K available (19836K kernel code, 2562K rwdata, 8256K rodata, 6848K init, 1053K bss, 79376K reserved, 983040K cma-reserved)
[    0.000000] SLUB: HWalign=64, Order=0-3, MinObjects=0, CPUs=4, Nodes=1
[    0.000000] ftrace: allocating 63365 entries in 248 pages
[    0.000000] rcu: Preemptible hierarchical RCU implementation.
[    0.000000] rcu:     RCU restricting CPUs from NR_CPUS=256 to nr_cpu_ids=4.
[    0.000000]  Tasks RCU enabled.
[    0.000000] rcu: RCU calculated value of scheduler-enlistment delay is 25 jiffies.
[    0.000000] rcu: Adjusting geometry for rcu_fanout_leaf=16, nr_cpu_ids=4
[    0.000000] NR_IRQS: 64, nr_irqs: 64, preallocated irqs: 0
[    0.000000] GICv3: GIC: Using split EOI/Deactivate mode
[    0.000000] GICv3: 160 SPIs implemented
[    0.000000] GICv3: 0 Extended SPIs implemented
[    0.000000] GICv3: Distributor has no Range Selector support
[    0.000000] GICv3: 16 PPIs implemented
[    0.000000] GICv3: no VLPI support, no direct LPI support
[    0.000000] GICv3: CPU0: found redistributor 0 region 0:0x0000000038880000
[    0.000000] ITS: No ITS available, not enabling LPIs
[    0.000000] random: get_random_bytes called from start_kernel+0x320/0x4b4 with crng_init=0
[    0.000000] arch_timer: cp15 timer(s) running at 8.00MHz (phys).
[    0.000000] clocksource: arch_sys_counter: mask: 0xffffffffffffff max_cycles: 0x1d854df40, max_idle_ns: 440795202120 ns
[    0.000003] sched_clock: 56 bits at 8MHz, resolution 125ns, wraps every 2199023255500ns
[    0.000531] Console: colour dummy device 80x25
[    0.000607] Calibrating delay loop (skipped), value calculated using timer frequency.. 16.00 BogoMIPS (lpj=32000)
[    0.000616] pid_max: default: 32768 minimum: 301
[    0.000698] LSM: Security Framework initializing
[    0.000759] Mount-cache hash table entries: 4096 (order: 3, 32768 bytes, linear)
[    0.000773] Mountpoint-cache hash table entries: 4096 (order: 3, 32768 bytes, linear)
[    0.001963] ASID allocator initialised with 32768 entries
[    0.002044] rcu: Hierarchical SRCU implementation.
[    0.005731] EFI services will not be available.
[    0.005994] smp: Bringing up secondary CPUs ...
[    0.006416] Detected VIPT I-cache on CPU1
[    0.006439] GICv3: CPU1: found redistributor 1 region 0:0x00000000388a0000
[    0.006469] CPU1: Booted secondary processor 0x0000000001 [0x410fd034]
[    0.006928] Detected VIPT I-cache on CPU2
[    0.006946] GICv3: CPU2: found redistributor 2 region 0:0x00000000388c0000
[    0.006964] CPU2: Booted secondary processor 0x0000000002 [0x410fd034]
[    0.007368] Detected VIPT I-cache on CPU3
[    0.007385] GICv3: CPU3: found redistributor 3 region 0:0x00000000388e0000
[    0.007400] CPU3: Booted secondary processor 0x0000000003 [0x410fd034]
[    0.007459] smp: Brought up 1 node, 4 CPUs
[    0.007482] SMP: Total of 4 processors activated.
[    0.007490] CPU features: detected: 32-bit EL0 Support
[    0.007498] CPU features: detected: CRC32 instructions
[    0.014352] CPU: All CPU(s) started at EL2
[    0.014373] alternatives: patching kernel code
[    0.015492] devtmpfs: initialized
[    0.024915] clocksource: jiffies: mask: 0xffffffff max_cycles: 0xffffffff, max_idle_ns: 7645041785100000 ns
[    0.024930] futex hash table entries: 1024 (order: 4, 65536 bytes, linear)
[    0.048905] pinctrl core: initialized pinctrl subsystem
[    0.049749] DMI not present or invalid.
[    0.049995] NET: Registered protocol family 16
[    0.057249] DMA: preallocated 256 KiB pool for atomic allocations
[    0.057275] audit: initializing netlink subsys (disabled)
[    0.057551] audit: type=2000 audit(0.056:1): state=initialized audit_enabled=0 res=1
[    0.058581] cpuidle: using governor menu
[    0.059142] hw-breakpoint: found 6 breakpoint and 4 watchpoint registers.
[    0.060414] Serial: AMBA PL011 UART driver
[    0.060504] imx mu driver is registered.
[    0.060529] imx rpmsg driver is registered.
[    0.066421] imx8mp-pinctrl 30330000.pinctrl: initialized IMX pinctrl driver
[    0.097386] HugeTLB registered 1.00 GiB page size, pre-allocated 0 pages
[    0.097394] HugeTLB registered 32.0 MiB page size, pre-allocated 0 pages
[    0.097403] HugeTLB registered 2.00 MiB page size, pre-allocated 0 pages
[    0.097409] HugeTLB registered 64.0 KiB page size, pre-allocated 0 pages
[    0.098331] cryptd: max_cpu_qlen set to 1000
[    0.102088] ACPI: Interpreter disabled.
[    0.103666] iommu: Default domain type: Translated 
[    0.103829] vgaarb: loaded
[    0.104144] SCSI subsystem initialized
[    0.104592] usbcore: registered new interface driver usbfs
[    0.104630] usbcore: registered new interface driver hub
[    0.104698] usbcore: registered new device driver usb
[    0.106669] mc: Linux media interface: v0.10
[    0.106700] videodev: Linux video capture interface: v2.00
[    0.106782] pps_core: LinuxPPS API ver. 1 registered
[    0.106788] pps_core: Software ver. 5.3.6 - Copyright 2005-2007 Rodolfo Giometti <giometti@linux.it>
[    0.106808] PTP clock support registered
[    0.107016] EDAC MC: Ver: 3.0.0
[    0.108057] No BMan portals available!
[    0.108317] QMan: Allocated lookup table at (____ptrval____), entry count 65537
[    0.108718] No QMan portals available!
[    0.109312] No USDPAA memory, no 'fsl,usdpaa-mem' in device-tree
[    0.109887] FPGA manager framework
[    0.109985] Advanced Linux Sound Architecture Driver Initialized.
[    0.110395] Bluetooth: Core ver 2.22
[    0.110425] NET: Registered protocol family 31
[    0.110430] Bluetooth: HCI device and connection manager initialized
[    0.110444] Bluetooth: HCI socket layer initialized
[    0.110453] Bluetooth: L2CAP socket layer initialized
[    0.110467] Bluetooth: SCO socket layer initialized
[    0.111345] clocksource: Switched to clocksource arch_sys_counter
[    0.752658] VFS: Disk quotas dquot_6.6.0
[    0.752706] VFS: Dquot-cache hash table entries: 512 (order 0, 4096 bytes)
[    0.752891] pnp: PnP ACPI: disabled
[    0.760186] thermal_sys: Registered thermal governor 'step_wise'
[    0.760189] thermal_sys: Registered thermal governor 'power_allocator'
[    0.760618] NET: Registered protocol family 2
[    0.760923] tcp_listen_portaddr_hash hash table entries: 1024 (order: 2, 16384 bytes, linear)
[    0.760954] TCP established hash table entries: 16384 (order: 5, 131072 bytes, linear)
[    0.761062] TCP bind hash table entries: 16384 (order: 6, 262144 bytes, linear)
[    0.761276] TCP: Hash tables configured (established 16384 bind 16384)
[    0.761352] UDP hash table entries: 1024 (order: 3, 32768 bytes, linear)
[    0.761395] UDP-Lite hash table entries: 1024 (order: 3, 32768 bytes, linear)
[    0.761527] NET: Registered protocol family 1
[    0.761858] RPC: Registered named UNIX socket transport module.
[    0.761863] RPC: Registered udp transport module.
[    0.761867] RPC: Registered tcp transport module.
[    0.761871] RPC: Registered tcp NFSv4.1 backchannel transport module.
[    0.762254] PCI: CLS 0 bytes, default 64
[    0.762990] hw perfevents: enabled with armv8_pmuv3 PMU driver, 7 counters available
[    0.763491] kvm [1]: IPA Size Limit: 40bits
[    0.764821] kvm [1]: GICv3: no GICV resource entry
[    0.764829] kvm [1]: disabling GICv2 emulation
[    0.764848] kvm [1]: GIC system register CPU interface enabled
[    0.764919] kvm [1]: vgic interrupt IRQ1
[    0.765016] kvm [1]: Hyp mode initialized successfully
[    0.768259] Initialise system trusted keyrings
[    0.768368] workingset: timestamp_bits=44 max_order=19 bucket_order=0
[    0.774778] squashfs: version 4.0 (2009/01/31) Phillip Lougher
[    0.775476] NFS: Registering the id_resolver key type
[    0.775498] Key type id_resolver registered
[    0.775502] Key type id_legacy registered
[    0.775512] nfs4filelayout_init: NFSv4 File Layout Driver Registering...
[    0.775533] jffs2: version 2.2. (NAND) �© 2001-2006 Red Hat, Inc.
[    0.775914] 9p: Installing v9fs 9p2000 file system support
[    0.789112] Key type asymmetric registered
[    0.789120] Asymmetric key parser 'x509' registered
[    0.789155] Block layer SCSI generic (bsg) driver version 0.4 loaded (major 244)
[    0.789163] io scheduler mq-deadline registered
[    0.789170] io scheduler kyber registered
[    0.791869] samsung-hdmi-phy 32fdff00.hdmiphy: failed to get phy apb clk: -517
[    0.797971] EINJ: ACPI disabled.
[    0.804561] i.MX8MP clock driver probe done
[    0.809179] imx-sdma 30bd0000.dma-controller: Direct firmware load for imx/sdma/sdma-imx7d.bin failed with error -2
[    0.809192] imx-sdma 30bd0000.dma-controller: Falling back to sysfs fallback for: imx/sdma/sdma-imx7d.bin
[    0.811501] mxs-dma 33000000.dma-apbh: initialized
[    0.813360] Bus freq driver module loaded
[    0.821190] Serial: 8250/16550 driver, 4 ports, IRQ sharing enabled
[    0.823948] 30860000.serial: ttymxc0 at MMIO 0x30860000 (irq = 28, base_baud = 1500000) is a IMX
[    1.814825] printk: console [ttymxc0] enabled
[    1.819848] 30890000.serial: ttymxc1 at MMIO 0x30890000 (irq = 29, base_baud = 5000000) is a IMX
[    1.833100] imx-lcdifv3 32fc6000.lcd-controller: No irq get
[    1.842657] imx-hdmi-pavi 32fc4000.hdmi-pai-pvi: No pvi clock get
[    1.853517] panel-simple panel1: panel1 supply power not found, using dummy regulator
[    1.861801] panel-simple panel0: panel0 supply power not found, using dummy regulator
[    1.877786] loop: module loaded
[    1.890129] imx ahci driver is registered.
[    1.898669] spi-nor spi0.0: mt25qu512a (65536 Kbytes)
[    1.909868] libphy: Fixed MDIO Bus: probed
[    1.915106] tun: Universal TUN/TAP device driver, 1.6
[    1.920334] CAN device driver interface
[    1.925220] thunder_xcv, ver 1.0
[    1.928493] thunder_bgx, ver 1.0
[    1.931774] nicpf, ver 1.0
[    1.935555] pps pps0: new PPS source ptp0
[    1.945195] Freescale FM module, FMD API version 21.1.0
[    1.950831] Freescale FM Ports module
[    1.954500] fsl_mac: fsl_mac: FSL FMan MAC API based driver
[    1.960315] fsl_dpa: FSL DPAA Ethernet driver
[    1.964836] fsl_advanced: FSL DPAA Advanced drivers:
[    1.969843] fsl_proxy: FSL DPAA Proxy initialization driver
[    1.975579] fsl_oh: FSL FMan Offline Parsing port driver
[    1.982177] hclge is initializing
[    1.985504] hns3: Hisilicon Ethernet Network Driver for Hip08 Family - version
[    1.992733] hns3: Copyright (c) 2017 Huawei Corporation.
[    1.998102] e1000: Intel(R) PRO/1000 Network Driver - version 7.3.21-k8-NAPI
[    2.005162] e1000: Copyright (c) 1999-2006 Intel Corporation.
[    2.010950] e1000e: Intel(R) PRO/1000 Network Driver - 3.2.6-k
[    2.016787] e1000e: Copyright(c) 1999 - 2015 Intel Corporation.
[    2.022755] igb: Intel(R) Gigabit Ethernet Network Driver - version 5.6.0-k
[    2.029724] igb: Copyright (c) 2007-2014 Intel Corporation.
[    2.035364] igbvf: Intel(R) Gigabit Virtual Function Network Driver - version 2.4.0-k
[    2.043204] igbvf: Copyright (c) 2009 - 2012 Intel Corporation.
[    2.049363] sky2: driver version 1.30
[    2.053867] imx-dwmac 30bf0000.ethernet: IRQ eth_lpi not found
[    2.059798] imx-dwmac 30bf0000.ethernet: no reset control found
[    2.065919] imx-dwmac 30bf0000.ethernet: User ID: 0x10, Synopsys ID: 0x51
[    2.072723] imx-dwmac 30bf0000.ethernet:     DWMAC4/5
[    2.077525] imx-dwmac 30bf0000.ethernet: DMA HW capability register supported
[    2.084668] imx-dwmac 30bf0000.ethernet: RX Checksum Offload Engine supported
[    2.091811] imx-dwmac 30bf0000.ethernet: TX Checksum insertion supported
[    2.098522] imx-dwmac 30bf0000.ethernet: Wake-Up On Lan supported
[    2.104643] imx-dwmac 30bf0000.ethernet: Enable RX Mitigation via HW Watchdog Timer
[    2.112312] imx-dwmac 30bf0000.ethernet: Enabled Flow TC (entries=8)
[    2.118680] imx-dwmac 30bf0000.ethernet: Enabling HW TC (entries=256, max_off=256)
[    2.126479] libphy: stmmac: probed
[    2.132059] PPP generic driver version 2.4.2
[    2.136552] usbcore: registered new interface driver qmi_wwan
[    2.142344] usbcore: registered new interface driver qmi_wwan_q
[    2.148289] GobiNet: Quectel_Linux&Android_GobiNet_Driver_V1.6
[    2.154173] usbcore: registered new interface driver GobiNet
[    2.160100] VFIO - User Level meta-driver version: 0.3
[    2.170955] ehci_hcd: USB 2.0 'Enhanced' Host Controller (EHCI) Driver
[    2.177524] ehci-pci: EHCI PCI platform driver
[    2.182024] ehci-platform: EHCI generic platform driver
[    2.187552] ohci_hcd: USB 1.1 'Open' Host Controller (OHCI) Driver
[    2.193747] ohci-pci: OHCI PCI platform driver
[    2.198237] ohci-platform: OHCI generic platform driver
[    2.204394] usbcore: registered new interface driver cdc_wdm
[    2.210240] usbcore: registered new interface driver uas
[    2.215607] usbcore: registered new interface driver usb-storage
[    2.221696] usbcore: registered new interface driver usbserial_generic
[    2.228256] usbserial: USB Serial support registered for generic
[    2.234307] usbcore: registered new interface driver ftdi_sio
[    2.240083] usbserial: USB Serial support registered for FTDI USB Serial Device
[    2.247427] usbcore: registered new interface driver option
[    2.253026] usbserial: USB Serial support registered for GSM modem (1-port)
[    2.260025] usbcore: registered new interface driver usb_serial_simple
[    2.266584] usbserial: USB Serial support registered for carelink
[    2.272703] usbserial: USB Serial support registered for zio
[    2.278391] usbserial: USB Serial support registered for funsoft
[    2.284426] usbserial: USB Serial support registered for flashloader
[    2.290810] usbserial: USB Serial support registered for google
[    2.296764] usbserial: USB Serial support registered for libtransistor
[    2.303318] usbserial: USB Serial support registered for vivopay
[    2.309353] usbserial: USB Serial support registered for moto_modem
[    2.315649] usbserial: USB Serial support registered for motorola_tetra
[    2.322300] usbserial: USB Serial support registered for novatel_gps
[    2.328682] usbserial: USB Serial support registered for hp4x
[    2.334458] usbserial: USB Serial support registered for suunto
[    2.340406] usbserial: USB Serial support registered for siemens_mpi
[    2.346809] usbcore: registered new interface driver usb_ehset_test
[    2.356739] input: 30370000.snvs:snvs-powerkey as /devices/platform/soc@0/30000000.bus/30370000.snvs/30370000.snvs:snvs-powerkey/input/input0
[    2.370309] usbcore: registered new interface driver usbtouchscreen
[    2.378674] snvs_rtc 30370000.snvs:snvs-rtc-lp: registered as rtc1
[    2.385055] i2c /dev entries driver
[    2.399595] imx2-wdt 30280000.watchdog: timeout 60 sec (nowayout=0)
[    2.406359] Bluetooth: HCI UART driver ver 2.3
[    2.410819] Bluetooth: HCI UART protocol H4 registered
[    2.415968] Bluetooth: HCI UART protocol BCSP registered
[    2.421307] Bluetooth: HCI UART protocol LL registered
[    2.426454] Bluetooth: HCI UART protocol ATH3K registered
[    2.431882] Bluetooth: HCI UART protocol Three-wire (H5) registered
[    2.438289] Bluetooth: HCI UART protocol Broadcom registered
[    2.443979] Bluetooth: HCI UART protocol QCA registered
[    2.449314] EDAC MC: ECC not enabled
[    2.456021] sdhci: Secure Digital Host Controller Interface driver
[    2.462214] sdhci: Copyright(c) Pierre Ossman
[    2.466870] Synopsys Designware Multimedia Card Interface Driver
[    2.473824] sdhci-pltfm: SDHCI platform and OF driver helper
[    2.480324] mmc0: CQHCI version 5.10
[    2.484420] mmc1: CQHCI version 5.10
[    2.488516] mmc2: CQHCI version 5.10
[    2.524163] mmc2: SDHCI controller on 30b60000.mmc [30b60000.mmc] using ADMA
[    2.534058] ledtrig-cpu: registered to indicate activity on CPUs
[    2.541859] caam 30900000.crypto: device ID = 0x0a16040100000100 (Era 9)
[    2.548581] caam 30900000.crypto: job rings = 3, qi = 0
[    2.583034] caam algorithms registered in /proc/crypto
[    2.592724] caam 30900000.crypto: caam pkc algorithms registered in /proc/crypto
[    2.600157] caam 30900000.crypto: registering rng-caam
[    2.606194] Device caam-keygen registered
[    2.616225] caam-snvs 30370000.caam-snvs: violation handlers armed - non-secure state
[    2.624374] hidraw: raw HID events driver (C) Jiri Kosina
[    2.630321] usbcore: registered new interface driver usbhid
[    2.635051] mmc2: new HS400 MMC card at address 0001
[    2.635900] usbhid: USB HID core driver
[    2.645479] mxc-md 32c00000.bus:camera: deferring cap_device device registration
[    2.645508] mmcblk2: mmc2:0001 Q2J55L 7.09 GiB 
[    2.655110] random: fast init done
[    2.657618] mmcblk2boot0: mmc2:0001 Q2J55L partition 1 16.0 MiB
[    2.666942] mmcblk2boot1: mmc2:0001 Q2J55L partition 2 16.0 MiB
[    2.673598] mmcblk2rpmb: mmc2:0001 Q2J55L partition 3 4.00 MiB, chardev (237:0)
[    2.673849] mxc-isi 32e00000.isi: mxc_isi.0 registered successfully
[    2.680155] random: crng init done
[    2.691615] mxc-isi 32e02000.isi: mxc_isi.1 registered successfully
[    2.699312] mxc-mipi-csi2-sam 32e40000.csi: 32e40000.csi supply mipi-phy not found, using dummy regulator
[    2.709230] mxc-mipi-csi2-sam 32e40000.csi: lanes: 2, hs_settle: 13, clk_settle: 2, wclk: 1, freq: 500000000
[    2.719306] mxc-mipi-csi2-sam 32e50000.csi: 32e50000.csi supply mipi-phy not found, using dummy regulator
[    2.729120] mxc-mipi-csi2-sam 32e50000.csi: lanes: 2, hs_settle: 13, clk_settle: 2, wclk: 1, freq: 266000000
[    2.741385] No fsl,qman node
[    2.744298] Freescale USDPAA process driver
[    2.748489] fsl-usdpaa: no region found
[    2.752333] Freescale USDPAA process IRQ driver
[    2.765391] Galcore version 6.4.3.p1.305572
[    2.902730] [drm] Initialized vivante 1.0.0 20170808 for 40000000.mix_gpu_ml on minor 0
[    2.912536] hantrodec 0 : module inserted. Major = 235
[    2.918252] hantrodec 1 : module inserted. Major = 235
[    2.925048] hantroenc: HW at base <0000000038320000> with ID <0x80006200>
[    2.931977] hx280enc: module inserted. Major <234>
[    2.954520] imx-cdnhdmi sound-hdmi: ASoC: failed to init link imx8 hdmi: -517
[    2.961676] imx-cdnhdmi sound-hdmi: snd_soc_register_card failed (-517)
[    2.968834] pktgen: Packet Generator for packet performance testing. Version: 2.75
[    2.981483] drop_monitor: Initializing network drop monitor service
[    2.987851] NET: Registered protocol family 26
[    2.992884] NET: Registered protocol family 10
[    2.998045] Segment Routing with IPv6
[    3.001779] NET: Registered protocol family 17
[    3.006238] can: controller area network core (rev 20170425 abi 9)
[    3.012468] NET: Registered protocol family 29
[    3.016923] can: raw protocol (rev 20170425)
[    3.021199] can: broadcast manager protocol (rev 20170425 t)
[    3.026870] can: netlink gateway (rev 20190810) max_hops=1
[    3.032822] Bluetooth: RFCOMM TTY layer initialized
[    3.037718] Bluetooth: RFCOMM socket layer initialized
[    3.042883] Bluetooth: RFCOMM ver 1.11
[    3.046645] Bluetooth: BNEP (Ethernet Emulation) ver 1.3
[    3.051967] Bluetooth: BNEP filters: protocol multicast
[    3.057201] Bluetooth: BNEP socket layer initialized
[    3.062174] Bluetooth: HIDP (Human Interface Emulation) ver 1.2
[    3.068102] Bluetooth: HIDP socket layer initialized
[    3.073102] 8021q: 802.1Q VLAN Support v1.8
[    3.077308] lib80211: common routines for IEEE802.11 drivers
[    3.083087] 9pnet: Installing 9P2000 support
[    3.087404] tsn generic netlink module v1 init...
[    3.092186] Key type dns_resolver registered
[    3.096878] registered taskstats version 1
[    3.100993] Loading compiled-in X.509 certificates
[    3.138347] pca9450 0-0025: Device ID=0x30
[    3.142471] pca9450 0-0025: gpio_intr = 114
[    3.146666] pca9450 0-0025: chip_irq=188
[    3.164182] tmp102 0-0048: initialized
[    3.169037] tmp102 0-0049: initialized
[    3.173880] tmp102 0-004a: initialized
[    3.178699] tmp102 0-004b: initialized
[    3.183176] at24 0-0051: 4096 byte 24c32 EEPROM, writable, 32 bytes/write
[    3.190694] at24 0-0059: 32 byte 24c32 EEPROM, writable, 32 bytes/write
[    3.197918] rtc-rv3028 0-0052: Voltage low, data loss detected.
[    3.293782] rtc-rv3028 0-0052: Voltage low, data is invalid.
[    3.299916] rtc-rv3028 0-0052: registered as rtc0
[    3.307794] i2c i2c-0: IMX I2C adapter registered
[    3.314804] at24 1-0051: 256 byte 24c02 EEPROM, writable, 16 bytes/write
[    3.322022] link-frequencies 0 value 210000000
[    3.326477] link-frequencies 1 value 168000000
[    3.331067] ov5648 1-0036: 1-0036 supply dvdd not found, using dummy regulator
[    3.338367] ov5648 1-0036: 1-0036 supply dovdd not found, using dummy regulator
[    3.345726] ov5648 1-0036: no AVDD regulator provided, using internal
[    3.352295] i2c i2c-1: IMX I2C adapter registered
[    3.358377] link-frequencies 0 value 210000000
[    3.362843] link-frequencies 1 value 168000000
[    3.367430] ov5648 2-0036: 2-0036 supply dvdd not found, using dummy regulator
[    3.374725] ov5648 2-0036: 2-0036 supply dovdd not found, using dummy regulator
[    3.382084] ov5648 2-0036: no AVDD regulator provided, using internal
[    3.388647] i2c i2c-2: IMX I2C adapter registered
[    3.394913] tlv320aic3x-codec 3-0018: 3-0018 supply IOVDD not found, using dummy regulator
[    3.403279] tlv320aic3x-codec 3-0018: 3-0018 supply DVDD not found, using dummy regulator
[    3.411505] tlv320aic3x-codec 3-0018: 3-0018 supply AVDD not found, using dummy regulator
[    3.419732] tlv320aic3x-codec 3-0018: 3-0018 supply DRVDD not found, using dummy regulator
[    3.428042] tlv320aic3x-codec 3-0018: Invalid supply voltage(s) AVDD: -22, DVDD: -22
[    3.436020] tlv320aic3x-codec 3-0018: Failed to init class D: -6
[    3.498414] i2c i2c-3: IMX I2C adapter registered
[    3.504193] imx8mq-usb-phy 381f0040.usb-phy: 381f0040.usb-phy supply vbus not found, using dummy regulator
[    3.514226] imx8mq-usb-phy 382f0040.usb-phy: 382f0040.usb-phy supply vbus not found, using dummy regulator
[    3.527316] pwm-backlight backlight0: backlight0 supply power not found, using dummy regulator
[    3.527318] imx6q-pcie 33800000.pcie: 33800000.pcie supply epdev_on not found, using dummy regulator
[    3.545276] imx6q-pcie 33800000.pcie: PLL REF_CLK is used!.
[    3.551451] imx6q-pcie 33800000.pcie: PCIe PHY PLL clock is locked.
[    3.561216] [drm] Supports vblank timestamp caching Rev 2 (21.10.2013).
[    3.567847] [drm] No driver support for vblank timestamp query.
[    3.573844] imx-drm display-subsystem: bound imx-lcdifv3-crtc.0 (ops lcdifv3_crtc_ops)
[    3.581828] imx-drm display-subsystem: bound imx-lcdifv3-crtc.1 (ops lcdifv3_crtc_ops)
[    3.583737] imx6q-pcie 33800000.pcie: PCIe PLL locked after 0 us.
[    3.595895] imx6q-pcie 33800000.pcie: host bridge /pcie@33800000 ranges:
[    3.602608] imx6q-pcie 33800000.pcie:   No bus range found for /pcie@33800000, using [bus 00-ff]
[    3.602627] imx6q-pcie 33800000.pcie:    IO 0x1ff80000..0x1ff8ffff -> 0x00000000
[    3.618823] imx6q-pcie 33800000.pcie:   MEM 0x18000000..0x1fefffff -> 0x18000000
[    3.627007] panel-simple panel1: panel1 supply power not found, using dummy regulator
[    3.635300] panel-simple panel0: panel0 supply power not found, using dummy regulator
[    3.644712] pps pps0: new PPS source ptp0
[    3.655136] libphy: fec_enet_mii_bus: probed
[    3.662400] fec 30be0000.ethernet eth1: registered PHC device 0
[    3.669483] xhci-hcd xhci-hcd.1.auto: xHCI Host Controller
[    3.675004] xhci-hcd xhci-hcd.1.auto: new USB bus registered, assigned bus number 1
[    3.683019] xhci-hcd xhci-hcd.1.auto: hcc params 0x0220fe6c hci version 0x110 quirks 0x0000002001810010
[    3.692463] xhci-hcd xhci-hcd.1.auto: irq 69, io mem 0x38100000
[    3.699430] hub 1-0:1.0: USB hub found
[    3.703209] hub 1-0:1.0: 1 port detected
[    3.707497] xhci-hcd xhci-hcd.1.auto: xHCI Host Controller
[    3.713007] xhci-hcd xhci-hcd.1.auto: new USB bus registered, assigned bus number 2
[    3.720696] xhci-hcd xhci-hcd.1.auto: Host supports USB 3.0 SuperSpeed
[    3.727290] usb usb2: We don't know the algorithms for LPM for this host, disabling LPM.
[    3.736221] hub 2-0:1.0: USB hub found
[    3.740012] hub 2-0:1.0: 1 port detected
[    3.745643] xhci-hcd xhci-hcd.2.auto: xHCI Host Controller
[    3.751161] xhci-hcd xhci-hcd.2.auto: new USB bus registered, assigned bus number 3
[    3.759180] xhci-hcd xhci-hcd.2.auto: hcc params 0x0220fe6c hci version 0x110 quirks 0x0000002001810010
[    3.768622] xhci-hcd xhci-hcd.2.auto: irq 70, io mem 0x38200000
[    3.775536] hub 3-0:1.0: USB hub found
[    3.779312] hub 3-0:1.0: 1 port detected
[    3.783600] xhci-hcd xhci-hcd.2.auto: xHCI Host Controller
[    3.789108] xhci-hcd xhci-hcd.2.auto: new USB bus registered, assigned bus number 4
[    3.796787] xhci-hcd xhci-hcd.2.auto: Host supports USB 3.0 SuperSpeed
[    3.803399] usb usb4: We don't know the algorithms for LPM for this host, disabling LPM.
[    3.812286] hub 4-0:1.0: USB hub found
[    3.816066] hub 4-0:1.0: 1 port detected
[    3.824795] imx-cpufreq-dt imx-cpufreq-dt: cpu speed grade 7 mkt segment 2 supported-hw 0x80 0x4
[    3.835464] mmc0: CQHCI version 5.10
[    3.839134] sdhci-esdhc-imx 30b40000.mmc: allocated mmc-pwrseq
[    3.984543] mmc0: SDHCI controller on 30b40000.mmc [30b40000.mmc] using ADMA
[    3.992838] mmc1: CQHCI version 5.10
[    3.996498] sdhci-esdhc-imx 30b50000.mmc: Got CD GPIO
[    4.032064] mmc1: SDHCI controller on 30b50000.mmc [30b50000.mmc] using ADMA
[    4.040930] mx8-img-md: Registered mxc_isi.0.capture as /dev/video0
[    4.047825] mx8-img-md: Registered mxc_isi.1.capture as /dev/video1
[    4.054268] mx8-img-md: Registered sensor subdevice: ov5648 2-0036 (1)
[    4.060842] mx8-img-md: Registered sensor subdevice: ov5648 1-0036 (2)
[    4.067442] mx8-img-md: created link [mxc_isi.0] => [mxc_isi.0.capture]
[    4.074084] mx8-img-md: created link [mxc-mipi-csi2.0] => [mxc_isi.0]
[    4.080561] mx8-img-md: created link [mxc_isi.1] => [mxc_isi.1.capture]
[    4.087245] mx8-img-md: created link [mxc-mipi-csi2.1] => [mxc_isi.1]
[    4.093743] mx8-img-md: created link [ov5648 1-0036] => [mxc-mipi-csi2.0]
[    4.100587] mx8-img-md: created link [ov5648 2-0036] => [mxc-mipi-csi2.1]
[    4.107439] mxc-md 32c00000.bus:camera: mxc_md_create_links
[    4.116199] debugfs: Directory '30c20000.sai' with parent 'snd-peb-av-10' already present!
[    4.119707] usb 3-1: new high-speed USB device number 2 using xhci-hcd
[    4.131153] asoc-simple-card sound-peb-av-10: tlv320aic3x-hifi <-> 30c20000.sai mapping ok
[    4.139584] asoc-simple-card sound-peb-av-10: ASoC: no DMI vendor name!
[    4.149373] imx-cdnhdmi sound-hdmi: ASoC: failed to init link imx8 hdmi: -517
[    4.156592] imx-cdnhdmi sound-hdmi: snd_soc_register_card failed (-517)
[    4.164004] [drm] Supports vblank timestamp caching Rev 2 (21.10.2013).
[    4.170648] [drm] No driver support for vblank timestamp query.
[    4.176660] imx-drm display-subsystem: bound imx-lcdifv3-crtc.0 (ops lcdifv3_crtc_ops)
[    4.184709] imx-drm display-subsystem: bound imx-lcdifv3-crtc.1 (ops lcdifv3_crtc_ops)
[    4.192820] imx-drm display-subsystem: bound 32c00000.bus:ldb@32ec005c (ops imx8mp_ldb_ops)
[    4.201567] dwhdmi-imx 32fd8000.hdmi: Detected HDMI TX controller v2.13a with HDCP (samsung_dw_hdmi_phy2)
[    4.212727] dwhdmi-imx 32fd8000.hdmi: registered DesignWare HDMI I2C bus driver
[    4.222485] imx-drm display-subsystem: bound 32fd8000.hdmi (ops dw_hdmi_imx_ops)
[    4.230550] [drm] Initialized imx-drm 1.0.0 20120507 for display-subsystem on minor 1
[    4.290354] mmc1: host does not support reading read-only switch, assuming write-enable
[    4.315860] hub 3-1:1.0: USB hub found
[    4.315942] hub 3-1:1.0: 4 ports detected
[    4.390923] Console: switching to colour frame buffer device 160x50
[    4.403686] usb 4-1: new SuperSpeed Gen 1 USB device number 2 using xhci-hcd
[    4.429458] imx-drm display-subsystem: fb0: imx-drmdrmfb frame buffer device
[    4.445190] debugfs: Directory '30cb0000.aud2htx' with parent 'audio-hdmi' already present!
[    4.454718] imx-cdnhdmi sound-hdmi: i2s-hifi <-> 30cb0000.aud2htx mapping ok
[    4.462302] hub 4-1:1.0: USB hub found
[    4.463861] imx-cdnhdmi sound-hdmi: ASoC: no DMI vendor name!
[    4.472097] hub 4-1:1.0: 4 ports detected
[    4.472978] mmc1: new ultra high speed SDR104 SDHC card at address aaaa
[    4.483882] mmcblk1: mmc1:aaaa SC16G 14.8 GiB 
[    4.488514] input: audio-hdmi HDMI Jack as /devices/platform/sound-hdmi/sound/card2/input1
[    4.501092] rtc-rv3028 0-0052: Voltage low, data is invalid.
[    4.506856]  mmcblk1: p1 p2
[    4.509780] rtc-rv3028 0-0052: hctosys: unable to read the hardware clock
[    4.517357] cfg80211: Loading compiled-in X.509 certificates for regulatory database
[    4.527805] cfg80211: Loaded X.509 cert 'sforshee: 00b28ddf47aef9cea7'
[    4.537448] platform regulatory.0: Direct firmware load for regulatory.db failed with error -2
[    4.546103] platform regulatory.0: Falling back to sysfs fallback for: regulatory.db
[    4.569100] ALSA device list:
[    4.572079]   #0: Dummy 1
[    4.574697]   #1: snd-peb-av-10
[    4.577843]   #2: audio-hdmi
[    4.615994] imx6q-pcie 33800000.pcie: Phy link never came up
[    4.621694] imx6q-pcie 33800000.pcie: failed to initialize host
[    4.627621] imx6q-pcie 33800000.pcie: unable to add pcie port.
[    4.654973] EXT4-fs (mmcblk1p2): mounted filesystem with ordered data mode. Opts: (null)
[    4.663161] VFS: Mounted root (ext4 filesystem) on device 179:98.
[    4.673559] devtmpfs: mounted
[    4.682683] Freeing unused kernel memory: 6848K
[    4.687268] Run /sbin/init as init process
[    4.989388] systemd[1]: systemd 243.2+ running in system mode. (+PAM -AUDIT -SELINUX -IMA -APPARMOR -SMACK +SYSVINIT -UTMP -LIBCRYPTSETUP -GCRYPT -GNUTLS -ACL -XZ +LZ4 -SECCOMP +BLKID -ELFUTILS +KMOD -IDN2 -)
[    5.011521] systemd[1]: Detected architecture arm64.

Welcome to The Yogurt Distribution BSP-Yocto-FSL-i.MX8MP-ALPHA2!

[    5.062819] systemd[1]: Set hostname to <raibos>.
[    5.071424] systemd[1]: Initializing machine ID from random generator.
[    5.299540] systemd[1]: /lib/systemd/system/fancontrol.service:8: PIDFile= references a path below legacy directory /var/run/, updating /var/run/fancontrol.pid ��→ /run/fancontrol.pid; please update the unit.
[    5.341541] systemd[1]: /lib/systemd/system/rpcbind.socket:5: ListenStream= references a path below legacy directory /var/run/, updating /var/run/rpcbind.sock ��→ /run/rpcbind.sock; please update the unit fi.
[    5.364592] systemd[1]: /lib/systemd/system/dbus.socket:5: ListenStream= references a path below legacy directory /var/run/, updating /var/run/dbus/system_bus_socket ��→ /run/dbus/system_bus_socket; please u.
[    5.397486] systemd[1]: Created slice system-getty.slice.
[  OK  ] Created slice system-getty.slice.
[    5.420372] systemd[1]: Created slice system-serial\x2dgetty.slice.
[  OK  ] Created slice system-serial\x2dgetty.slice.
[    5.444591] systemd[1]: Created slice User and Session Slice.
[  OK  ] Created slice User and Session Slice.
[  OK  ] Started Dispatch Password ��…ts to Console Directory Watch.
[  OK  ] Started Forward Password R��…uests to Wall Directory Watch.
[  OK  ] Reached target Paths.
[  OK  ] Reached target Remote File Systems.
[  OK  ] Reached target Slices.
[  OK  ] Reached target Swap.
[  OK  ] Listening on initctl Compatibility Named Pipe.
[  OK  ] Listening on Journal Audit Socket.
[  OK  ] Listening on Journal Socket (/dev/log).
[  OK  ] Listening on Journal Socket.
[  OK  ] Listening on Network Service Netlink Socket.
[  OK  ] Listening on udev Control Socket.
[  OK  ] Listening on udev Kernel Socket.
         Mounting Huge Pages File System...
         Mounting POSIX Message Queue File System...
         Mounting Kernel Debug File System...
         Mounting Temporary Directory (/tmp)...
         Starting Create list of st��…odes for the current kernel...
         Starting Journal Service...
         Mounting Kernel Configuration File System...
         Starting Remount Root and Kernel File Systems...
[    5.800004] EXT4-fs (mmcblk1p2): re-mounted. Opts: (null)
         Starting Apply Kernel Variables...
         Starting udev Coldplug all Devices...
[  OK  ] Mounted Huge Pages File System.
[  OK  ] Mounted POSIX Message Queue File System.
[  OK  ] Mounted Kernel Debug File System.
[  OK  ] Mounted Temporary Directory (/tmp).
[  OK  ] Started Create list of sta��… nodes for the current kernel.
[  OK  ] Mounted Kernel Configuration File System.
[  OK  ] Started Remount Root and Kernel File Systems.
[  OK  ] Started Apply Kernel Variables.
         Starting Create System Users...
[  OK  ] Started Create System Users.
[  OK  ] Started Journal Service.
         Starting Flush Journal to Persistent Storage...
[    6.083199] systemd-journald[258]: Received client request to flush runtime journal.
         Starting Create Static Device Nodes in /dev...
[  OK  ] Started Flush Journal to Persistent Storage.
[  OK  ] Started Create Static Device Nodes in /dev.
[  OK  ] Reached target Local File Systems (Pre).
         Mounting /var/volatile...
         Starting udev Kernel Device Manager...
[  OK  ] Mounted /var/volatile.
[  OK  ] Reached target Local File Systems.
         Starting Rebuild Dynamic Linker Cache...
         Starting Create Volatile Files and Directories...
[  OK  ] Started Create Volatile Files and Directories.
         Starting Run pending postinsts...
         Starting Rebuild Journal Catalog...
[  OK  ] Started udev Kernel Device Manager.
[  OK  ] Started udev Coldplug all Devices.
         Starting Start Psplash Boot Screen...
         Starting Network Service...
[  OK  ] Started Rebuild Journal Catalog.
[  OK  ] Started Start Psplash Boot Screen.
[  OK  ] Started Run pending postinsts.
[  OK  ] Started Network Service.
         Starting Network Name Resolution...
[  OK  ] Started Network Name Resolution.
[    6.886237] cfg80211: failed to load regulatory.db
[    6.986572] TI DP83867 30be0000.ethernet-1:00: attached PHY driver [TI DP83867] (mii_bus:phy_addr=30be0000.ethernet-1:00, irq=89)
[  OK  ] Created slice system-weston.slice.
[  OK  ] Reached target Network.
[    7.032220] imx-sdma 30bd0000.dma-controller: loaded firmware 4.5
[    7.043191] imx-dwmac 30bf0000.ethernet eth0: PHY [stmmac-1:01] driver [TI DP83867]
[  OK  ] Reached target Host and Network Name Lookups.
         [    7.070872] imx-dwmac 30bf0000.ethernet eth0: No Safety Features support found
Starting Run pending postinsts...
[    7.087457] imx-dwmac 30bf0000.ethernet eth0: IEEE 1588-2008 Advanced Timestamp supported
[    7.096676] imx-dwmac 30bf0000.ethernet eth0: registered PTP clock
[    7.102956] imx-dwmac 30bf0000.ethernet eth0: configuring for phy/rgmii-id link mode
[    7.113984] 8021q: adding VLAN 0 to HW filter on device eth0
[  OK  ] Started Run pending postinsts.
[  OK  ] Started Rebuild Dynamic Linker Cache.
         Starting Update is Completed...
[  OK  ] Started Update is Completed.
[  OK  ] Reached target System Initialization.
[  OK  ] Started Daily Cleanup of Temporary Directories.
[  OK  ] Reached target Boot Completion Check.
[  OK  ] Reached target Timers.
[  OK  ] Listening on D-Bus System Message Bus Socket.
[  OK  ] Listening on RPCbind Server Activation Socket.
         Starting sshd.socket.
[  OK  ] Listening on sshd.socket.
[  OK  ] Reached target Sockets.
[  OK  ] Reached target Basic System.
         Starting Save/Restore Sound Card State...
[  OK  ] Started can0 interface setup.
[  OK  ] Started D-Bus System Message Bus.
[  OK  ] Started Start fan control, if configured.
[  OK  ] Started Configuration for i.MX GPU (Former rc_gpu.S).
         Starting Install MySQL Community Server Database...
[  OK  ] Started Updates psplash to basic.
[  OK  ] Started Update psplash to network.
         Starting Terminate Psplash Boot Screen...
         Starting Rauc Good-marking Service...
         Starting RPC Bind Service...
         Starting Login Service...
         Starting Permit User Sessions...
[  OK  ] Started HawkBit client for Rauc.
[    8.135416] IPv6: ADDRCONF(NETDEV_CHANGE): can0: link becomes ready
[  OK  ] Started Save/Restore Sound Card State.
[  OK  ] Started Terminate Psplash Boot Screen.
[  OK  ] Started RPC Bind Service.
[  OK  ] Started Permit User Sessions.
[  OK  ] Reached target Sound Card.
[  OK  ] Started Getty on tty1.
[  OK  ] Started NFS status monitor for NFSv2/3 locking..
[  OK  ] Started Serial Getty on ttymxc0.
[  OK  ] Reached target Login Prompts.
         Starting Weston Wayland Compositor (on tty7)...
         Starting Rauc Update Service...
[    8.394474] audit: type=1701 audit(8.388:2): auid=4294967295 uid=0 gid=0 ses=4294967295 pid=564 comm="rauc" exe="/usr/bin/rauc" sig=5 res=1
[  OK  ] Started Weston Wayland Compositor (on tty7).
[FAILED] Failed to start Rauc Update Service.
See 'systemctl status rauc.service' for details.
[  OK  ] Started Login Service.
[  OK  ] Created slice User Slice of UID 0.
         Starting User Runtime Directory /run/user/0...
[  OK  ] Started User Runtime Directory /run/user/0.
         Starting User Manager for UID 0...
[    8.599041] audit: type=1006 audit(8.592:3): pid=571 uid=0 old-auid=4294967295 auid=0 tty=(none) old-ses=4294967295 ses=1 res=1
[  OK  ] Started User Manager for UID 0.
[  OK  ] Started Session c1 of user root.
[  OK  ] Started Install MySQL Community Server Database.
[   11.058484] fec 30be0000.ethernet eth1: Link is Up - 1Gbps/Full - flow control off
[   11.066095] IPv6: ADDRCONF(NETDEV_CHANGE): eth1: link becomes ready

 ____   _   _ __   __ _____  _____   ____
|  _ \ | | | |\ \ / /|_   _|| ____| / ___|
| |_) || |_| | \ V /   | |  |  _|  | |
|  __/ |  _  |  | |    | |  | |___ | |___
|_|    |_| |_|  |_|    |_|  |_____| \____|

__   __  ___    ____  _   _  ____   _____
\ \ / / / _ \  / ___|| | | ||  _ \ |_   _|
 \ V / | | | || |  _ | | | || |_) |  | |
  | |  | |_| || |_| || |_| ||  _ <   | |
  |_|   \___/  \____| \___/ |_| \_\  |_|


Yogurt Vendor xwayland (Phytec Vendor Distribution) BSP-Yocto-FSL-i.MX8MP-ALPHA2 raibos ttymxc0

raibos login: root
Last login: Thu Jan  1 00:00:08 UTC 1970 on tty7
root@raibos:~# [   35.807662] can2-stby: disabling
[   35.810898] lvds1_reg_en: disabling

CTRL-A Z for help | 115200 8N1 | NOR | Minicom 2.7.1 | V