U-Boot SPL 2020.04 (Sep 08 2021 - 13:11:55 +0000)
DDRINFO: start DRAM init
DDRINFO: DRAM rate 4000MTS
DDRINFO:ddrphy calibration done
DDRINFO: ddrmix config done
Normal Boot
Trying to boot from BOOTROM
image offset 0x8000, pagesize 0x200, ivt offset 0x0
NOTICE:  BL31: v2.2(release):rel_imx_5.4.70_2.3.0-0-gf1d7187f2-dirty
NOTICE:  BL31: Built : 12:13:24, Sep  8 2021


U-Boot 2020.04 (Sep 08 2021 - 13:11:55 +0000)

CPU:   i.MX8MP[8] rev1.1 1600 MHz (running at 1200 MHz)
CPU:   Industrial temperature grade (-40C to 105C) at 47C
Reset cause: POR
Model: PHYTEC phyCORE-i.MX8MP
       Watchdog enabled
DRAM:  2 GiB
MMC:   FSL_SDHC: 1, FSL_SDHC: 2
Loading Environment from MMC... *** Warning - bad CRC, using default environment

In:    serial
Out:   serial
Err:   serial

 BuildInfo:
  - ATF f1d7187
  - U-Boot 2020.04

Net:   
Warning: ethernet@30bf0000 using MAC address from ROM
eth1: ethernet@30bf0000 [PRIME]
Normal Boot
Hit any key to stop autoboot:  0 
switch to partitions #0, OK
mmc1 is current device
38474240 bytes read in 1649 ms (22.3 MiB/s)
Booting from mmc ...
60038 bytes read in 17 ms (3.4 MiB/s)
## Flattened Device Tree blob at 48000000
   Booting using the fdt blob at 0x48000000
   Loading Device Tree to 00000000bdbe4000, end 00000000bdbf5a85 ... OK

Starting kernel ...

[    0.000000] Booting Linux on physical CPU 0x0000000000 [0x410fd034]
[    0.000000] Linux version 5.4.70-bsp-yocto-fsl-i.mx8mp-alpha2 (oe-user@oe-host) (gcc version 9.2.0 (GCC)) #1 SMP PREEMPT Tue Feb 15 07:23:57 UTC 2022
[    0.000000] Machine model: PHYTEC phyBOARD-Pollux i.MX8MP
[    0.000000] efi: Getting EFI parameters from FDT:
[    0.000000] efi: UEFI not found.
[    0.000000] Reserved memory: created CMA memory pool at 0x0000000056000000, size 960 MiB
[    0.000000] OF: reserved mem: initialized node linux,cma, compatible id shared-dma-pool
[    0.000000] NUMA: No NUMA configuration found
[    0.000000] NUMA: Faking a node at [mem 0x0000000040000000-0x00000000bfffffff]
[    0.000000] NUMA: NODE_DATA [mem 0xbfbcc500-0xbfbcdfff]
[    0.000000] Zone ranges:
[    0.000000]   DMA32    [mem 0x0000000040000000-0x00000000bfffffff]
[    0.000000]   Normal   empty
[    0.000000] Movable zone start for each node
[    0.000000] Early memory node ranges
[    0.000000]   node   0: [mem 0x0000000040000000-0x00000000557fffff]
[    0.000000]   node   0: [mem 0x0000000056000000-0x00000000923fffff]
[    0.000000]   node   0: [mem 0x0000000094400000-0x00000000bfffffff]
[    0.000000] Initmem setup node 0 [mem 0x0000000040000000-0x00000000bfffffff]
[    0.000000] psci: probing for conduit method from DT.
[    0.000000] psci: PSCIv1.1 detected in firmware.
[    0.000000] psci: Using standard PSCI v0.2 function IDs
[    0.000000] psci: MIGRATE_INFO_TYPE not supported.
[    0.000000] psci: SMC Calling Convention v1.1
[    0.000000] percpu: Embedded 33 pages/cpu s98136 r8192 d28840 u135168
[    0.000000] Detected VIPT I-cache on CPU0
[    0.000000] CPU features: detected: ARM erratum 845719
[    0.000000] CPU features: detected: GIC system register CPU interface
[    0.000000] Speculative Store Bypass Disable mitigation not required
[    0.000000] Built 1 zonelists, mobility grouping on.  Total pages: 505856
[    0.000000] Policy zone: DMA32
[    0.000000] Kernel command line: console=ttymxc0,115200 root=/dev/mmcblk1p2 rootwait rw
[    0.000000] Dentry cache hash table entries: 262144 (order: 9, 2097152 bytes, linear)
[    0.000000] Inode-cache hash table entries: 131072 (order: 8, 1048576 bytes, linear)
[    0.000000] mem auto-init: stack:off, heap alloc:off, heap free:off
[    0.000000] Memory: 993768K/2056192K available (19836K kernel code, 2564K rwdata, 8260K rodata, 6848K init, 1055K bss, 79384K reserved, 983040K cma-reserved)
[    0.000000] SLUB: HWalign=64, Order=0-3, MinObjects=0, CPUs=4, Nodes=1
[    0.000000] ftrace: allocating 63386 entries in 248 pages
[    0.000000] rcu: Preemptible hierarchical RCU implementation.
[    0.000000] rcu:     RCU restricting CPUs from NR_CPUS=256 to nr_cpu_ids=4.
[    0.000000]  Tasks RCU enabled.
[    0.000000] rcu: RCU calculated value of scheduler-enlistment delay is 25 jiffies.
[    0.000000] rcu: Adjusting geometry for rcu_fanout_leaf=16, nr_cpu_ids=4
[    0.000000] NR_IRQS: 64, nr_irqs: 64, preallocated irqs: 0
[    0.000000] GICv3: GIC: Using split EOI/Deactivate mode
[    0.000000] GICv3: 160 SPIs implemented
[    0.000000] GICv3: 0 Extended SPIs implemented
[    0.000000] GICv3: Distributor has no Range Selector support
[    0.000000] GICv3: 16 PPIs implemented
[    0.000000] GICv3: no VLPI support, no direct LPI support
[    0.000000] GICv3: CPU0: found redistributor 0 region 0:0x0000000038880000
[    0.000000] ITS: No ITS available, not enabling LPIs
[    0.000000] random: get_random_bytes called from start_kernel+0x320/0x4b4 with crng_init=0
[    0.000000] arch_timer: cp15 timer(s) running at 8.00MHz (phys).
[    0.000000] clocksource: arch_sys_counter: mask: 0xffffffffffffff max_cycles: 0x1d854df40, max_idle_ns: 440795202120 ns
[    0.000003] sched_clock: 56 bits at 8MHz, resolution 125ns, wraps every 2199023255500ns
[    0.000496] Console: colour dummy device 80x25
[    0.000567] Calibrating delay loop (skipped), value calculated using timer frequency.. 16.00 BogoMIPS (lpj=32000)
[    0.000576] pid_max: default: 32768 minimum: 301
[    0.000661] LSM: Security Framework initializing
[    0.000721] Mount-cache hash table entries: 4096 (order: 3, 32768 bytes, linear)
[    0.000734] Mountpoint-cache hash table entries: 4096 (order: 3, 32768 bytes, linear)
[    0.001937] ASID allocator initialised with 32768 entries
[    0.002019] rcu: Hierarchical SRCU implementation.
[    0.005612] EFI services will not be available.
[    0.005882] smp: Bringing up secondary CPUs ...
[    0.006312] Detected VIPT I-cache on CPU1
[    0.006336] GICv3: CPU1: found redistributor 1 region 0:0x00000000388a0000
[    0.006366] CPU1: Booted secondary processor 0x0000000001 [0x410fd034]
[    0.006838] Detected VIPT I-cache on CPU2
[    0.006855] GICv3: CPU2: found redistributor 2 region 0:0x00000000388c0000
[    0.006871] CPU2: Booted secondary processor 0x0000000002 [0x410fd034]
[    0.007285] Detected VIPT I-cache on CPU3
[    0.007302] GICv3: CPU3: found redistributor 3 region 0:0x00000000388e0000
[    0.007317] CPU3: Booted secondary processor 0x0000000003 [0x410fd034]
[    0.007378] smp: Brought up 1 node, 4 CPUs
[    0.007400] SMP: Total of 4 processors activated.
[    0.007408] CPU features: detected: 32-bit EL0 Support
[    0.007413] CPU features: detected: CRC32 instructions
[    0.014273] CPU: All CPU(s) started at EL2
[    0.014296] alternatives: patching kernel code
[    0.015420] devtmpfs: initialized
[    0.024607] clocksource: jiffies: mask: 0xffffffff max_cycles: 0xffffffff, max_idle_ns: 7645041785100000 ns
[    0.024621] futex hash table entries: 1024 (order: 4, 65536 bytes, linear)
[    0.048543] pinctrl core: initialized pinctrl subsystem
[    0.049357] DMI not present or invalid.
[    0.049596] NET: Registered protocol family 16
[    0.056899] DMA: preallocated 256 KiB pool for atomic allocations
[    0.056924] audit: initializing netlink subsys (disabled)
[    0.057164] audit: type=2000 audit(0.056:1): state=initialized audit_enabled=0 res=1
[    0.058181] cpuidle: using governor menu
[    0.058704] hw-breakpoint: found 6 breakpoint and 4 watchpoint registers.
[    0.059866] Serial: AMBA PL011 UART driver
[    0.059952] imx mu driver is registered.
[    0.059979] imx rpmsg driver is registered.
[    0.065753] imx8mp-pinctrl 30330000.pinctrl: initialized IMX pinctrl driver
[    0.096614] HugeTLB registered 1.00 GiB page size, pre-allocated 0 pages
[    0.096624] HugeTLB registered 32.0 MiB page size, pre-allocated 0 pages
[    0.096629] HugeTLB registered 2.00 MiB page size, pre-allocated 0 pages
[    0.096634] HugeTLB registered 64.0 KiB page size, pre-allocated 0 pages
[    0.097572] cryptd: max_cpu_qlen set to 1000
[    0.101182] ACPI: Interpreter disabled.
[    0.102681] iommu: Default domain type: Translated 
[    0.102836] vgaarb: loaded
[    0.103219] SCSI subsystem initialized
[    0.103601] usbcore: registered new interface driver usbfs
[    0.103648] usbcore: registered new interface driver hub
[    0.103709] usbcore: registered new device driver usb
[    0.105629] mc: Linux media interface: v0.10
[    0.105659] videodev: Linux video capture interface: v2.00
[    0.105754] pps_core: LinuxPPS API ver. 1 registered
[    0.105760] pps_core: Software ver. 5.3.6 - Copyright 2005-2007 Rodolfo Giometti <giometti@linux.it>
[    0.105776] PTP clock support registered
[    0.105974] EDAC MC: Ver: 3.0.0
[    0.106951] No BMan portals available!
[    0.107227] QMan: Allocated lookup table at (____ptrval____), entry count 65537
[    0.107588] No QMan portals available!
[    0.108133] No USDPAA memory, no 'fsl,usdpaa-mem' in device-tree
[    0.108729] FPGA manager framework
[    0.108830] Advanced Linux Sound Architecture Driver Initialized.
[    0.109231] Bluetooth: Core ver 2.22
[    0.109278] NET: Registered protocol family 31
[    0.109285] Bluetooth: HCI device and connection manager initialized
[    0.109295] Bluetooth: HCI socket layer initialized
[    0.109304] Bluetooth: L2CAP socket layer initialized
[    0.109319] Bluetooth: SCO socket layer initialized
[    0.110210] clocksource: Switched to clocksource arch_sys_counter
[    0.751276] VFS: Disk quotas dquot_6.6.0
[    0.751327] VFS: Dquot-cache hash table entries: 512 (order 0, 4096 bytes)
[    0.751510] pnp: PnP ACPI: disabled
[    0.758672] thermal_sys: Registered thermal governor 'step_wise'
[    0.758674] thermal_sys: Registered thermal governor 'power_allocator'
[    0.759096] NET: Registered protocol family 2
[    0.759424] tcp_listen_portaddr_hash hash table entries: 1024 (order: 2, 16384 bytes, linear)
[    0.759455] TCP established hash table entries: 16384 (order: 5, 131072 bytes, linear)
[    0.759563] TCP bind hash table entries: 16384 (order: 6, 262144 bytes, linear)
[    0.759780] TCP: Hash tables configured (established 16384 bind 16384)
[    0.759857] UDP hash table entries: 1024 (order: 3, 32768 bytes, linear)
[    0.759899] UDP-Lite hash table entries: 1024 (order: 3, 32768 bytes, linear)
[    0.760033] NET: Registered protocol family 1
[    0.760369] RPC: Registered named UNIX socket transport module.
[    0.760374] RPC: Registered udp transport module.
[    0.760378] RPC: Registered tcp transport module.
[    0.760381] RPC: Registered tcp NFSv4.1 backchannel transport module.
[    0.760753] PCI: CLS 0 bytes, default 64
[    0.761458] hw perfevents: enabled with armv8_pmuv3 PMU driver, 7 counters available
[    0.761858] kvm [1]: IPA Size Limit: 40bits
[    0.763215] kvm [1]: GICv3: no GICV resource entry
[    0.763223] kvm [1]: disabling GICv2 emulation
[    0.763241] kvm [1]: GIC system register CPU interface enabled
[    0.763309] kvm [1]: vgic interrupt IRQ1
[    0.763406] kvm [1]: Hyp mode initialized successfully
[    0.766658] Initialise system trusted keyrings
[    0.766771] workingset: timestamp_bits=44 max_order=19 bucket_order=0
[    0.773042] squashfs: version 4.0 (2009/01/31) Phillip Lougher
[    0.773718] NFS: Registering the id_resolver key type
[    0.773740] Key type id_resolver registered
[    0.773746] Key type id_legacy registered
[    0.773758] nfs4filelayout_init: NFSv4 File Layout Driver Registering...
[    0.773779] jffs2: version 2.2. (NAND) �© 2001-2006 Red Hat, Inc.
[    0.774155] 9p: Installing v9fs 9p2000 file system support
[    0.787020] Key type asymmetric registered
[    0.787028] Asymmetric key parser 'x509' registered
[    0.787061] Block layer SCSI generic (bsg) driver version 0.4 loaded (major 244)
[    0.787068] io scheduler mq-deadline registered
[    0.787075] io scheduler kyber registered
[    0.789533] samsung-hdmi-phy 32fdff00.hdmiphy: failed to get phy apb clk: -517
[    0.795275] EINJ: ACPI disabled.
[    0.801800] i.MX8MP clock driver probe done
[    0.806360] imx-sdma 30bd0000.dma-controller: Direct firmware load for imx/sdma/sdma-imx7d.bin failed with error -2
[    0.806369] imx-sdma 30bd0000.dma-controller: Falling back to sysfs fallback for: imx/sdma/sdma-imx7d.bin
[    0.808559] mxs-dma 33000000.dma-apbh: initialized
[    0.810330] Bus freq driver module loaded
[    0.817901] Serial: 8250/16550 driver, 4 ports, IRQ sharing enabled
[    0.820475] 30860000.serial: ttymxc0 at MMIO 0x30860000 (irq = 28, base_baud = 1500000) is a IMX
[    1.811333] printk: console [ttymxc0] enabled
[    1.816362] 30890000.serial: ttymxc1 at MMIO 0x30890000 (irq = 29, base_baud = 5000000) is a IMX
[    1.829472] imx-lcdifv3 32fc6000.lcd-controller: No irq get
[    1.838783] imx-hdmi-pavi 32fc4000.hdmi-pai-pvi: No pvi clock get
[    1.848996] panel-simple panel1: panel1 supply power not found, using dummy regulator
[    1.857245] panel-simple panel0: panel0 supply power not found, using dummy regulator
[    1.873139] loop: module loaded
[    1.885278] imx ahci driver is registered.
[    1.893417] spi-nor spi0.0: mt25qu512a (65536 Kbytes)
[    1.904598] libphy: Fixed MDIO Bus: probed
[    1.909860] tun: Universal TUN/TAP device driver, 1.6
[    1.915084] CAN device driver interface
[    1.919859] thunder_xcv, ver 1.0
[    1.923145] thunder_bgx, ver 1.0
[    1.926418] nicpf, ver 1.0
[    1.930140] pps pps0: new PPS source ptp0
[    1.939773] Freescale FM module, FMD API version 21.1.0
[    1.945352] Freescale FM Ports module
[    1.949027] fsl_mac: fsl_mac: FSL FMan MAC API based driver
[    1.954822] fsl_dpa: FSL DPAA Ethernet driver
[    1.959331] fsl_advanced: FSL DPAA Advanced drivers:
[    1.964337] fsl_proxy: FSL DPAA Proxy initialization driver
[    1.970071] fsl_oh: FSL FMan Offline Parsing port driver
[    1.976526] hclge is initializing
[    1.979857] hns3: Hisilicon Ethernet Network Driver for Hip08 Family - version
[    1.987087] hns3: Copyright (c) 2017 Huawei Corporation.
[    1.992451] e1000: Intel(R) PRO/1000 Network Driver - version 7.3.21-k8-NAPI
[    1.999506] e1000: Copyright (c) 1999-2006 Intel Corporation.
[    2.005301] e1000e: Intel(R) PRO/1000 Network Driver - 3.2.6-k
[    2.011142] e1000e: Copyright(c) 1999 - 2015 Intel Corporation.
[    2.017108] igb: Intel(R) Gigabit Ethernet Network Driver - version 5.6.0-k
[    2.024074] igb: Copyright (c) 2007-2014 Intel Corporation.
[    2.029690] igbvf: Intel(R) Gigabit Virtual Function Network Driver - version 2.4.0-k
[    2.037531] igbvf: Copyright (c) 2009 - 2012 Intel Corporation.
[    2.043692] sky2: driver version 1.30
[    2.048151] imx-dwmac 30bf0000.ethernet: IRQ eth_lpi not found
[    2.054078] imx-dwmac 30bf0000.ethernet: no reset control found
[    2.060179] imx-dwmac 30bf0000.ethernet: User ID: 0x10, Synopsys ID: 0x51
[    2.066987] imx-dwmac 30bf0000.ethernet:     DWMAC4/5
[    2.071795] imx-dwmac 30bf0000.ethernet: DMA HW capability register supported
[    2.078941] imx-dwmac 30bf0000.ethernet: RX Checksum Offload Engine supported
[    2.086087] imx-dwmac 30bf0000.ethernet: TX Checksum insertion supported
[    2.092796] imx-dwmac 30bf0000.ethernet: Wake-Up On Lan supported
[    2.098917] imx-dwmac 30bf0000.ethernet: Enable RX Mitigation via HW Watchdog Timer
[    2.106585] imx-dwmac 30bf0000.ethernet: Enabled Flow TC (entries=8)
[    2.112956] imx-dwmac 30bf0000.ethernet: Enabling HW TC (entries=256, max_off=256)
[    2.120746] libphy: stmmac: probed
[    2.124406] mdio_bus stmmac-1: MDIO device at address 1 is missing.
[    2.131791] PPP generic driver version 2.4.2
[    2.136280] usbcore: registered new interface driver qmi_wwan
[    2.142073] usbcore: registered new interface driver qmi_wwan_q
[    2.148021] GobiNet: Quectel_Linux&Android_GobiNet_Driver_V1.6
[    2.153897] usbcore: registered new interface driver GobiNet
[    2.159812] VFIO - User Level meta-driver version: 0.3
[    2.170282] ehci_hcd: USB 2.0 'Enhanced' Host Controller (EHCI) Driver
[    2.176842] ehci-pci: EHCI PCI platform driver
[    2.181345] ehci-platform: EHCI generic platform driver
[    2.186845] ohci_hcd: USB 1.1 'Open' Host Controller (OHCI) Driver
[    2.193042] ohci-pci: OHCI PCI platform driver
[    2.197534] ohci-platform: OHCI generic platform driver
[    2.203593] usbcore: registered new interface driver cdc_wdm
[    2.209441] usbcore: registered new interface driver uas
[    2.214821] usbcore: registered new interface driver usb-storage
[    2.220915] usbcore: registered new interface driver usbserial_generic
[    2.227474] usbserial: USB Serial support registered for generic
[    2.233521] usbcore: registered new interface driver ftdi_sio
[    2.239293] usbserial: USB Serial support registered for FTDI USB Serial Device
[    2.246634] usbcore: registered new interface driver option
[    2.252239] usbserial: USB Serial support registered for GSM modem (1-port)
[    2.259244] usbcore: registered new interface driver usb_serial_simple
[    2.265797] usbserial: USB Serial support registered for carelink
[    2.271915] usbserial: USB Serial support registered for zio
[    2.277603] usbserial: USB Serial support registered for funsoft
[    2.283639] usbserial: USB Serial support registered for flashloader
[    2.290018] usbserial: USB Serial support registered for google
[    2.295973] usbserial: USB Serial support registered for libtransistor
[    2.302530] usbserial: USB Serial support registered for vivopay
[    2.308564] usbserial: USB Serial support registered for moto_modem
[    2.314864] usbserial: USB Serial support registered for motorola_tetra
[    2.321507] usbserial: USB Serial support registered for novatel_gps
[    2.327892] usbserial: USB Serial support registered for hp4x
[    2.333675] usbserial: USB Serial support registered for suunto
[    2.339625] usbserial: USB Serial support registered for siemens_mpi
[    2.346019] usbcore: registered new interface driver usb_ehset_test
[    2.355701] input: 30370000.snvs:snvs-powerkey as /devices/platform/soc@0/30000000.bus/30370000.snvs/30370000.snvs:snvs-powerkey/input/input0
[    2.369277] usbcore: registered new interface driver usbtouchscreen
[    2.377455] snvs_rtc 30370000.snvs:snvs-rtc-lp: registered as rtc1
[    2.383827] i2c /dev entries driver
[    2.398094] imx2-wdt 30280000.watchdog: timeout 60 sec (nowayout=0)
[    2.404847] Bluetooth: HCI UART driver ver 2.3
[    2.409307] Bluetooth: HCI UART protocol H4 registered
[    2.414456] Bluetooth: HCI UART protocol BCSP registered
[    2.419801] Bluetooth: HCI UART protocol LL registered
[    2.424948] Bluetooth: HCI UART protocol ATH3K registered
[    2.430376] Bluetooth: HCI UART protocol Three-wire (H5) registered
[    2.436774] Bluetooth: HCI UART protocol Broadcom registered
[    2.442463] Bluetooth: HCI UART protocol QCA registered
[    2.447794] EDAC MC: ECC not enabled
[    2.454300] sdhci: Secure Digital Host Controller Interface driver
[    2.460489] sdhci: Copyright(c) Pierre Ossman
[    2.465136] Synopsys Designware Multimedia Card Interface Driver
[    2.471981] sdhci-pltfm: SDHCI platform and OF driver helper
[    2.478441] mmc0: CQHCI version 5.10
[    2.482535] mmc1: CQHCI version 5.10
[    2.486647] mmc2: CQHCI version 5.10
[    2.522299] mmc2: SDHCI controller on 30b60000.mmc [30b60000.mmc] using ADMA
[    2.532141] ledtrig-cpu: registered to indicate activity on CPUs
[    2.539869] caam 30900000.crypto: device ID = 0x0a16040100000100 (Era 9)
[    2.546589] caam 30900000.crypto: job rings = 3, qi = 0
[    2.578576] caam algorithms registered in /proc/crypto
[    2.587797] caam 30900000.crypto: caam pkc algorithms registered in /proc/crypto
[    2.595257] caam 30900000.crypto: registering rng-caam
[    2.601296] Device caam-keygen registered
[    2.608281] caam-snvs 30370000.caam-snvs: violation handlers armed - non-secure state
[    2.617435] hidraw: raw HID events driver (C) Jiri Kosina
[    2.623702] usbcore: registered new interface driver usbhid
[    2.629303] usbhid: USB HID core driver
[    2.633903] mxc-md 32c00000.bus:camera: deferring cap_device device registration
[    2.640304] mmc2: new HS400 MMC card at address 0001
[    2.646848] mmcblk2: mmc2:0001 Q2J55L 7.09 GiB 
[    2.650190] random: fast init done
[    2.651563] mmcblk2boot0: mmc2:0001 Q2J55L partition 1 16.0 MiB
[    2.660915] mmcblk2boot1: mmc2:0001 Q2J55L partition 2 16.0 MiB
[    2.667472] mxc-isi 32e00000.isi: mxc_isi.0 registered successfully
[    2.667587] mmcblk2rpmb: mmc2:0001 Q2J55L partition 3 4.00 MiB, chardev (237:0)
[    2.675240] random: crng init done
[    2.685427] mxc-isi 32e02000.isi: mxc_isi.1 registered successfully
[    2.693164] mxc-mipi-csi2-sam 32e40000.csi: 32e40000.csi supply mipi-phy not found, using dummy regulator
[    2.703075] mxc-mipi-csi2-sam 32e40000.csi: lanes: 2, hs_settle: 13, clk_settle: 2, wclk: 1, freq: 500000000
[    2.713143] mxc-mipi-csi2-sam 32e50000.csi: Unsupported number of data lanes: 0 (max. 4)
[    2.721289] mxc-mipi-csi2-sam: probe of 32e50000.csi failed with error -22
[    2.730517] No fsl,qman node
[    2.733399] Freescale USDPAA process driver
[    2.737591] fsl-usdpaa: no region found
[    2.741436] Freescale USDPAA process IRQ driver
[    2.754103] Galcore version 6.4.3.p1.305572
[    2.891384] [drm] Initialized vivante 1.0.0 20170808 for 40000000.mix_gpu_ml on minor 0
[    2.900863] hantrodec 0 : module inserted. Major = 235
[    2.906582] hantrodec 1 : module inserted. Major = 235
[    2.913343] hantroenc: HW at base <0000000038320000> with ID <0x80006200>
[    2.920279] hx280enc: module inserted. Major <234>
[    2.941264] imx-cdnhdmi sound-hdmi: ASoC: failed to init link imx8 hdmi: -517
[    2.948416] imx-cdnhdmi sound-hdmi: snd_soc_register_card failed (-517)
[    2.955551] pktgen: Packet Generator for packet performance testing. Version: 2.75
[    2.964705] drop_monitor: Initializing network drop monitor service
[    2.971072] NET: Registered protocol family 26
[    2.976116] NET: Registered protocol family 10
[    2.981240] Segment Routing with IPv6
[    2.984970] NET: Registered protocol family 17
[    2.989428] can: controller area network core (rev 20170425 abi 9)
[    2.995651] NET: Registered protocol family 29
[    3.000103] can: raw protocol (rev 20170425)
[    3.004383] can: broadcast manager protocol (rev 20170425 t)
[    3.010055] can: netlink gateway (rev 20190810) max_hops=1
[    3.016336] Bluetooth: RFCOMM TTY layer initialized
[    3.021235] Bluetooth: RFCOMM socket layer initialized
[    3.026402] Bluetooth: RFCOMM ver 1.11
[    3.030155] Bluetooth: BNEP (Ethernet Emulation) ver 1.3
[    3.035471] Bluetooth: BNEP filters: protocol multicast
[    3.040707] Bluetooth: BNEP socket layer initialized
[    3.045678] Bluetooth: HIDP (Human Interface Emulation) ver 1.2
[    3.051606] Bluetooth: HIDP socket layer initialized
[    3.056610] 8021q: 802.1Q VLAN Support v1.8
[    3.060814] lib80211: common routines for IEEE802.11 drivers
[    3.066595] 9pnet: Installing 9P2000 support
[    3.070910] tsn generic netlink module v1 init...
[    3.075686] Key type dns_resolver registered
[    3.080649] registered taskstats version 1
[    3.084765] Loading compiled-in X.509 certificates
[    3.122447] pca9450 0-0025: Device ID=0x30
[    3.126571] pca9450 0-0025: gpio_intr = 114
[    3.130766] pca9450 0-0025: chip_irq=188
[    3.148178] tmp102 0-0048: error reading config register
[    3.154072] tmp102 0-0049: error reading config register
[    3.159925] tmp102 0-004a: error reading config register
[    3.165788] tmp102 0-004b: error reading config register
[    3.171871] at24 0-0051: 4096 byte 24c32 EEPROM, writable, 32 bytes/write
[    3.179421] at24 0-0059: 32 byte 24c32 EEPROM, writable, 32 bytes/write
[    3.186669] rtc-rv3028 0-0052: Voltage low, data loss detected.
[    3.276075] rtc-rv3028 0-0052: Voltage low, data is invalid.
[    3.282220] rtc-rv3028 0-0052: registered as rtc0
[    3.290090] i2c i2c-0: IMX I2C adapter registered
[    3.296735] at24 1-0051: 256 byte 24c02 EEPROM, writable, 16 bytes/write
[    3.303963] link-frequencies 0 value 210000000
[    3.308419] link-frequencies 1 value 168000000
[    3.313002] ov5648 1-0036: 1-0036 supply dvdd not found, using dummy regulator
[    3.320303] ov5648 1-0036: 1-0036 supply dovdd not found, using dummy regulator
[    3.327662] ov5648 1-0036: no AVDD regulator provided, using internal
[    3.335255] i2c i2c-1: IMX I2C adapter registered
[    3.341299] link-frequencies 0 value 456000000
[    3.345786] imx219 2-001a: 2-001a supply VANA not found, using dummy regulator
[    3.353086] imx219 2-001a: 2-001a supply VDIG not found, using dummy regulator
[    3.360354] imx219 2-001a: 2-001a supply VDDL not found, using dummy regulator
[    3.376548] i2c i2c-2: IMX I2C adapter registered
[    3.382847] tlv320aic3x-codec 3-0018: 3-0018 supply IOVDD not found, using dummy regulator
[    3.391185] tlv320aic3x-codec 3-0018: 3-0018 supply DVDD not found, using dummy regulator
[    3.399430] tlv320aic3x-codec 3-0018: 3-0018 supply AVDD not found, using dummy regulator
[    3.407656] tlv320aic3x-codec 3-0018: 3-0018 supply DRVDD not found, using dummy regulator
[    3.415972] tlv320aic3x-codec 3-0018: Invalid supply voltage(s) AVDD: -22, DVDD: -22
[    3.423943] tlv320aic3x-codec 3-0018: Failed to init class D: -6
[    3.488670] i2c i2c-3: IMX I2C adapter registered
[    3.494373] imx8mq-usb-phy 381f0040.usb-phy: 381f0040.usb-phy supply vbus not found, using dummy regulator
[    3.504363] imx8mq-usb-phy 382f0040.usb-phy: 382f0040.usb-phy supply vbus not found, using dummy regulator
[    3.517377] pwm-backlight backlight0: backlight0 supply power not found, using dummy regulator
[    3.526046] imx6q-pcie 33800000.pcie: 33800000.pcie supply epdev_on not found, using dummy regulator
[    3.535405] imx6q-pcie 33800000.pcie: PLL REF_CLK is used!.
[    3.541581] imx6q-pcie 33800000.pcie: PCIe PHY PLL clock is locked.
[    3.551223] [drm] Supports vblank timestamp caching Rev 2 (21.10.2013).
[    3.557853] [drm] No driver support for vblank timestamp query.
[    3.563854] imx-drm display-subsystem: bound imx-lcdifv3-crtc.0 (ops lcdifv3_crtc_ops)
[    3.571837] imx-drm display-subsystem: bound imx-lcdifv3-crtc.1 (ops lcdifv3_crtc_ops)
[    3.574613] imx6q-pcie 33800000.pcie: PCIe PLL locked after 0 us.
[    3.585905] imx6q-pcie 33800000.pcie: host bridge /pcie@33800000 ranges:
[    3.592635] imx6q-pcie 33800000.pcie:   No bus range found for /pcie@33800000, using [bus 00-ff]
[    3.601441] imx6q-pcie 33800000.pcie:    IO 0x1ff80000..0x1ff8ffff -> 0x00000000
[    3.608869] imx6q-pcie 33800000.pcie:   MEM 0x18000000..0x1fefffff -> 0x18000000
[    3.616986] panel-simple panel1: panel1 supply power not found, using dummy regulator
[    3.625249] panel-simple panel0: panel0 supply power not found, using dummy regulator
[    3.634982] pps pps0: new PPS source ptp0
[    3.645292] libphy: fec_enet_mii_bus: probed
[    3.652829] fec 30be0000.ethernet eth1: registered PHC device 0
[    3.659861] xhci-hcd xhci-hcd.1.auto: xHCI Host Controller
[    3.665385] xhci-hcd xhci-hcd.1.auto: new USB bus registered, assigned bus number 1
[    3.673399] xhci-hcd xhci-hcd.1.auto: hcc params 0x0220fe6c hci version 0x110 quirks 0x0000002001810010
[    3.682840] xhci-hcd xhci-hcd.1.auto: irq 69, io mem 0x38100000
[    3.689480] hub 1-0:1.0: USB hub found
[    3.693264] hub 1-0:1.0: 1 port detected
[    3.697542] xhci-hcd xhci-hcd.1.auto: xHCI Host Controller
[    3.703048] xhci-hcd xhci-hcd.1.auto: new USB bus registered, assigned bus number 2
[    3.710721] xhci-hcd xhci-hcd.1.auto: Host supports USB 3.0 SuperSpeed
[    3.717304] usb usb2: We don't know the algorithms for LPM for this host, disabling LPM.
[    3.726525] hub 2-0:1.0: USB hub found
[    3.730310] hub 2-0:1.0: 1 port detected
[    3.735899] xhci-hcd xhci-hcd.2.auto: xHCI Host Controller
[    3.741415] xhci-hcd xhci-hcd.2.auto: new USB bus registered, assigned bus number 3
[    3.749430] xhci-hcd xhci-hcd.2.auto: hcc params 0x0220fe6c hci version 0x110 quirks 0x0000002001810010
[    3.758874] xhci-hcd xhci-hcd.2.auto: irq 70, io mem 0x38200000
[    3.765748] hub 3-0:1.0: USB hub found
[    3.769532] hub 3-0:1.0: 1 port detected
[    3.773803] xhci-hcd xhci-hcd.2.auto: xHCI Host Controller
[    3.779312] xhci-hcd xhci-hcd.2.auto: new USB bus registered, assigned bus number 4
[    3.786989] xhci-hcd xhci-hcd.2.auto: Host supports USB 3.0 SuperSpeed
[    3.793586] usb usb4: We don't know the algorithms for LPM for this host, disabling LPM.
[    3.802803] hub 4-0:1.0: USB hub found
[    3.806585] hub 4-0:1.0: 1 port detected
[    3.815254] imx-cpufreq-dt imx-cpufreq-dt: cpu speed grade 7 mkt segment 2 supported-hw 0x80 0x4
[    3.825791] mmc0: CQHCI version 5.10
[    3.829484] sdhci-esdhc-imx 30b40000.mmc: allocated mmc-pwrseq
[    3.975400] mmc0: SDHCI controller on 30b40000.mmc [30b40000.mmc] using ADMA
[    3.983658] mmc1: CQHCI version 5.10
[    3.987323] sdhci-esdhc-imx 30b50000.mmc: Got CD GPIO
[    4.022191] mmc1: SDHCI controller on 30b50000.mmc [30b50000.mmc] using ADMA
[    4.031030] mx8-img-md: Registered mxc_isi.0.capture as /dev/video0
[    4.037681] mx8-img-md: Registered mxc_isi.1.capture as /dev/video1
[    4.044054] mxc-md 32c00000.bus:camera: deferring csi device registration
[    4.053060] debugfs: Directory '30c20000.sai' with parent 'snd-peb-av-10' already present!
[    4.061476] asoc-simple-card sound-peb-av-10: tlv320aic3x-hifi <-> 30c20000.sai mapping ok
[    4.069825] asoc-simple-card sound-peb-av-10: ASoC: no DMI vendor name!
[    4.079856] imx-cdnhdmi sound-hdmi: ASoC: failed to init link imx8 hdmi: -517
[    4.087099] imx-cdnhdmi sound-hdmi: snd_soc_register_card failed (-517)
[    4.094298] [drm] Supports vblank timestamp caching Rev 2 (21.10.2013).
[    4.100945] [drm] No driver support for vblank timestamp query.
[    4.106946] imx-drm display-subsystem: bound imx-lcdifv3-crtc.0 (ops lcdifv3_crtc_ops)
[    4.110560] usb 3-1: new high-speed USB device number 2 using xhci-hcd
[    4.121489] imx-drm display-subsystem: bound imx-lcdifv3-crtc.1 (ops lcdifv3_crtc_ops)
[    4.129665] imx-drm display-subsystem: bound 32c00000.bus:ldb@32ec005c (ops imx8mp_ldb_ops)
[    4.138340] dwhdmi-imx 32fd8000.hdmi: Detected HDMI TX controller v2.13a with HDCP (samsung_dw_hdmi_phy2)
[    4.149175] dwhdmi-imx 32fd8000.hdmi: registered DesignWare HDMI I2C bus driver
[    4.159081] imx-drm display-subsystem: bound 32fd8000.hdmi (ops dw_hdmi_imx_ops)
[    4.167173] [drm] Initialized imx-drm 1.0.0 20120507 for display-subsystem on minor 1
[    4.227540] Console: switching to colour frame buffer device 160x50
[    4.249268] imx-drm display-subsystem: fb0: imx-drmdrmfb frame buffer device
[    4.258178] mx8-img-md: Registered mxc_isi.0.capture as /dev/video0
[    4.265267] mx8-img-md: Registered mxc_isi.1.capture as /dev/video1
[    4.271610] mxc-md 32c00000.bus:camera: deferring csi device registration
[    4.280236] debugfs: Directory '30cb0000.aud2htx' with parent 'audio-hdmi' already present!
[    4.288735] imx-cdnhdmi sound-hdmi: i2s-hifi <-> 30cb0000.aud2htx mapping ok
[    4.295841] imx-cdnhdmi sound-hdmi: ASoC: no DMI vendor name!
[    4.302540] input: audio-hdmi HDMI Jack as /devices/platform/sound-hdmi/sound/card2/input1
[    4.313011] mx8-img-md: Registered mxc_isi.0.capture as /dev/video0
[    4.319548] mx8-img-md: Registered mxc_isi.1.capture as /dev/video1
[    4.325879] mmc1: host does not support reading read-only switch, assuming write-enable
[    4.334052] mxc-md 32c00000.bus:camera: deferring csi device registration
[    4.341419] hub 3-1:1.0: USB hub found
[    4.345260] hub 3-1:1.0: 4 ports detected
[    4.351190] mx8-img-md: Registered mxc_isi.0.capture as /dev/video0
[    4.357933] mx8-img-md: Registered mxc_isi.1.capture as /dev/video1
[    4.364281] mxc-md 32c00000.bus:camera: deferring csi device registration
[    4.373543] rtc-rv3028 0-0052: Voltage low, data is invalid.
[    4.379227] rtc-rv3028 0-0052: hctosys: unable to read the hardware clock
[    4.387029] isi-m2m 32e00000.isi:m2m_device: Register m2m success for ISI.0
[    4.395445] cfg80211: Loading compiled-in X.509 certificates for regulatory database
[    4.403218] mx8-img-md: Registered mxc_isi.0.capture as /dev/video1
[    4.409969] mx8-img-md: Registered mxc_isi.1.capture as /dev/video2
[    4.410099] usb 4-1: new SuperSpeed Gen 1 USB device number 2 using xhci-hcd
[    4.411699] cfg80211: Loaded X.509 cert 'sforshee: 00b28ddf47aef9cea7'
[    4.416367] mxc-md 32c00000.bus:camera: deferring csi device registration
[    4.421040] platform regulatory.0: Direct firmware load for regulatory.db failed with error -2
[    4.421045] platform regulatory.0: Falling back to sysfs fallback for: regulatory.db
[    4.459374] ALSA device list:
[    4.462351]   #0: Dummy 1
[    4.464971]   #1: snd-peb-av-10
[    4.466037] hub 4-1:1.0: USB hub found
[    4.466076] hub 4-1:1.0: 4 ports detected
[    4.468121]   #2: audio-hdmi
[    4.473221] mmc1: new ultra high speed SDR104 SDHC card at address aaaa
[    4.473768] mmcblk1: mmc1:aaaa SC16G 14.8 GiB 
[    4.476290]  mmcblk1: p1 p2
[    4.493052] mx8-img-md: Registered mxc_isi.0.capture as /dev/video1
[    4.499846] mx8-img-md: Registered mxc_isi.1.capture as /dev/video2
[    4.506206] mxc-md 32c00000.bus:camera: deferring csi device registration
[    4.514703] mx8-img-md: Registered mxc_isi.0.capture as /dev/video1
[    4.521140] mx8-img-md: Registered mxc_isi.1.capture as /dev/video2
[    4.527489] mxc-md 32c00000.bus:camera: deferring csi device registration
[    4.614840] imx6q-pcie 33800000.pcie: Phy link never came up
[    4.620540] imx6q-pcie 33800000.pcie: failed to initialize host
[    4.626468] imx6q-pcie 33800000.pcie: unable to add pcie port.
[    4.660936] EXT4-fs (mmcblk1p2): mounted filesystem with ordered data mode. Opts: (null)
[    4.669090] VFS: Mounted root (ext4 filesystem) on device 179:98.
[    4.679481] devtmpfs: mounted
[    4.688642] Freeing unused kernel memory: 6848K
[    4.693224] Run /sbin/init as init process
[    4.832657] systemd[1]: systemd 243.2+ running in system mode. (+PAM -AUDIT -SELINUX -IMA -APPARMOR -SMACK +SYSVINIT -UTMP -LIBCRYPTSETUP -GCRYPT -GNUTLS -ACL -XZ +LZ4 -SECCOMP +BLKID -ELFUTILS +KMOD -IDN2 -)
[    4.854787] systemd[1]: Detected architecture arm64.

Welcome to The Yogurt Distribution BSP-Yocto-FSL-i.MX8MP-ALPHA2!

[    4.913027] systemd[1]: Set hostname to <raibos>.
[    5.124399] systemd[1]: /lib/systemd/system/fancontrol.service:8: PIDFile= references a path below legacy directory /var/run/, updating /var/run/fancontrol.pid ��→ /run/fancontrol.pid; please update the unit.
[    5.166117] systemd[1]: /lib/systemd/system/rpcbind.socket:5: ListenStream= references a path below legacy directory /var/run/, updating /var/run/rpcbind.sock ��→ /run/rpcbind.sock; please update the unit fi.
[    5.189214] systemd[1]: /lib/systemd/system/dbus.socket:5: ListenStream= references a path below legacy directory /var/run/, updating /var/run/dbus/system_bus_socket ��→ /run/dbus/system_bus_socket; please u.
[    5.222103] systemd[1]: Created slice system-getty.slice.
[  OK  ] Created slice system-getty.slice.
[    5.243307] systemd[1]: Created slice system-serial\x2dgetty.slice.
[  OK  ] Created slice system-serial\x2dgetty.slice.
[    5.267777] systemd[1]: Created slice User and Session Slice.
[  OK  ] Created slice User and Session Slice.
[    5.290832] systemd[1]: Started Dispatch Password Requests to Console Directory Watch.
[  OK  ] Started Dispatch Password ��…ts to Console Directory Watch.
[  OK  ] Started Forward Password R��…uests to Wall Directory Watch.
[  OK  ] Reached target Paths.
[  OK  ] Reached target Remote File Systems.
[  OK  ] Reached target Slices.
[  OK  ] Reached target Swap.
[  OK  ] Listening on initctl Compatibility Named Pipe.
[  OK  ] Listening on Journal Audit Socket.
[  OK  ] Listening on Journal Socket (/dev/log).
[  OK  ] Listening on Journal Socket.
[  OK  ] Listening on Network Service Netlink Socket.
[  OK  ] Listening on udev Control Socket.
[  OK  ] Listening on udev Kernel Socket.
         Mounting Huge Pages File System...
         Mounting POSIX Message Queue File System...
         Mounting Kernel Debug File System...
         Mounting Temporary Directory (/tmp)...
         Starting Create list of st��…odes for the current kernel...
         Starting Journal Service...
         Mounting Kernel Configuration File System...
         Starting Remount Root and Kernel File Systems...
[    5.646403] EXT4-fs (mmcblk1p2): re-mounted. Opts: (null)
         Starting Apply Kernel Variables...
         Starting udev Coldplug all Devices...
[  OK  ] Mounted Huge Pages File System.
[  OK  ] Mounted POSIX Message Queue File System.
[  OK  ] Mounted Kernel Debug File System.
[  OK  ] Mounted Temporary Directory (/tmp).
[  OK  ] Started Create list of sta��… nodes for the current kernel.
[  OK  ] Mounted Kernel Configuration File System.
[  OK  ] Started Remount Root and Kernel File Systems.
[  OK  ] Started Apply Kernel Variables.
         Starting Create Static Device Nodes in /dev...
[  OK  ] Started Create Static Device Nodes in /dev.
[  OK  ] Reached target Local File Systems (Pre).
         Mounting /var/volatile...
         Starting udev Kernel Device Manager...
[  OK  ] Started Journal Service.
[  OK  ] Mounted /var/volatile.
         Starting Flush Journal to Persistent Storage...
[    5.984668] systemd-journald[257]: Received client request to flush runtime journal.
[  OK  ] Reached target Local File Systems.
[  OK  ] Started udev Kernel Device Manager.
[  OK  ] Started Flush Journal to Persistent Storage.
         Starting Network Service...
         Starting Create Volatile Files and Directories...
[  OK  ] Started Create Volatile Files and Directories.
[  OK  ] Started Network Service.
         Starting Network Name Resolution...
[  OK  ] Started udev Coldplug all Devices.
[  OK  ] Reached target System Initialization.
[  OK  ] Started Daily Cleanup of Temporary Directories.
[  OK  ] Reached target Boot Completion Check.
[  OK  ] Reached target Timers.
[  OK  ] Listening on D-Bus System Message Bus Socket.
[  OK  ] Listening on RPCbind Server Activation Socket.
         Starting sshd.socket.
         Starting Start Psplash Boot Screen...
[  OK  ] Started Network Name Resolution.
[  OK  ] Listening on sshd.socket.
[  OK  ] Started Start Psplash Boot Screen.
[  OK  ] Created slice system-weston.slice.
[    6.493861] mx8-img-md: Registered mxc_isi.0.capture as /dev/video1
[    6.500685] mx8-img-md: Registered mxc_isi.1.capture as /dev/video2
[    6.510387] mxc-md 32c00000.bus:camera: deferring csi device registration
[    6.522629] mx8-img-md: Registered mxc_isi.0.capture as /dev/video1
[    6.534314] mx8-img-md: Registered mxc_isi.1.capture as /dev/video2
[    6.540791] mxc-md 32c00000.bus:camera: deferring csi device registration
[  OK  ] Reached target Network.
[    6.554128] cfg80211: failed to load regulatory.db
[  OK  ] Reached target Host and Network Name Lookups.
[  OK  ] Reached target Sockets.
[  OK  ] Reached target Basic System.
         Starting Save/Restore Sound Card State...
[  OK  ] Started can0 interfa[    6.633354] imx-dwmac 30bf0000.ethernet eth0: no phy at addr -1
ce setup.
[    6.640007] imx-dwmac 30bf0000.ethernet eth0: stmmac_open: Cannot attach to PHY (error: -19)
[  OK  ] Started D-Bus System Message Bus.
[    6.667463] IPv6: ADDRCONF(NETDEV_CHANGE): can0: link becomes ready
[    6.688421] TI DP83867 30be0000.ethernet-1:00: attached PHY driver [TI DP83867] (mii_bus:phy_addr=30be0000.ethernet-1:00, irq=89)
[  OK  ] Started Start fan control, if configured.
[  OK  ] Started Configuration for i.MX GPU (Former rc_gpu.S).
         Starting Install MySQL Community Server Database...
[  OK  ] Started Updates psplash to basic.
[  OK  ] Started Update psplash to network.
         Starting Terminate Psplash Boot Screen...
         Starting Rauc Good-marking Service...
[    6.815662] imx-sdma 30bd0000.dma-controller: loaded firmware 4.5
         Starting RPC Bind Service...
         Starting Login Service...
         Starting Permit User Sessions...
[  OK  ] Started HawkBit client for Rauc.
[  OK  ] Started Install MySQL Community Server Database.
[  OK  ] Started Terminate Psplash Boot Screen.
[  OK  ] Started RPC Bind Service.
[  OK  ] Started Permit User Sessions.
[  OK  ] Started Login Service.
[  OK  ] Started Getty on tty1.
[  OK  ] Started NFS status monitor for NFSv2/3 locking..
         Starting Rauc Update Service...
[  OK  ] Started Serial Getty on ttymxc0.
[    7.298788] audit: type=1701 audit(7.296:2): auid=4294967295 uid=0 gid=0 ses=4294967295 pid=490 comm="rauc" exe="/usr/bin/rauc" sig=5 res=1
[  OK  ] Reached target Login Prompts.
         Starting Weston Wayland Compositor (on tty7)...
[FAILED] Failed to start Rauc Update Service.
See 'systemctl status rauc.service' for details.
[  OK  ] Started Weston Wayland Compositor (on tty7).
[  OK  ] Created slice User Slice of UID 0.
         Starting User Runtime Directory /run/user/0...
[  OK  ] Started User Runtime Directory /run/user/0.
         Starting User Manager for UID 0...
[    7.556576] audit: type=1006 audit(7.552:3): pid=495 uid=0 old-auid=4294967295 auid=0 tty=(none) old-ses=4294967295 ses=1 res=1
[  OK  ] Started Save/Restore Sound Card State.
[  OK  ] Reached target Sound Card.
[  OK  ] Started User Manager for UID 0.
[  OK  ] Started Session c1 of user root.
[   10.699700] IPv6: ADDRCONF(NETDEV_CHANGE): eth1: link becomes ready
[   10.706873] fec 30be0000.ethernet eth1: Link is Up - 1Gbps/Full - flow control off

 ____   _   _ __   __ _____  _____   ____
|  _ \ | | | |\ \ / /|_   _|| ____| / ___|
| |_) || |_| | \ V /   | |  |  _|  | |
|  __/ |  _  |  | |    | |  | |___ | |___
|_|    |_| |_|  |_|    |_|  |_____| \____|

__   __  ___    ____  _   _  ____   _____
\ \ / / / _ \  / ___|| | | ||  _ \ |_   _|
 \ V / | | | || |  _ | | | || |_) |  | |
  | |  | |_| || |_| || |_| ||  _ <   | |
  |_|   \___/  \____| \___/ |_| \_\  |_|


Yogurt Vendor xwayland (Phytec Vendor Distribution) BSP-Yocto-FSL-i.MX8MP-ALPHA2 raibos ttymxc0

raibos login: