root@raibos:~# �
U-Boot SPL 2020.04 (Sep 08 2021 - 13:11:55 +0000)
DDRINFO: start DRAM init
DDRINFO: DRAM rate 4000MTS
DDRINFO:ddrphy calibration done
DDRINFO: ddrmix config done
Normal Boot
Trying to boot from BOOTROM
image offset 0x8000, pagesize 0x200, ivt offset 0x0
NOTICE:  BL31: v2.2(release):rel_imx_5.4.70_2.3.0-0-gf1d7187f2-dirty
NOTICE:  BL31: Built : 12:13:24, Sep  8 2021


U-Boot 2020.04 (Sep 08 2021 - 13:11:55 +0000)

CPU:   i.MX8MP[8] rev1.1 1600 MHz (running at 1200 MHz)
CPU:   Industrial temperature grade (-40C to 105C) at 47C
Reset cause: POR
Model: PHYTEC phyCORE-i.MX8MP
       Watchdog enabled
DRAM:  2 GiB
MMC:   FSL_SDHC: 1, FSL_SDHC: 2
Loading Environment from MMC... *** Warning - bad CRC, using default environment

In:    serial
Out:   serial
Err:   serial

 BuildInfo:
  - ATF f1d7187
  - U-Boot 2020.04

Net:   
Warning: ethernet@30bf0000 using MAC address from ROM
eth1: ethernet@30bf0000 [PRIME]
Normal Boot
Hit any key to stop autoboot:  0 
switch to partitions #0, OK
mmc1 is current device
38474240 bytes read in 1652 ms (22.2 MiB/s)
Booting from mmc ...
60854 bytes read in 17 ms (3.4 MiB/s)
## Flattened Device Tree blob at 48000000
   Booting using the fdt blob at 0x48000000
   Loading Device Tree to 00000000bdbe4000, end 00000000bdbf5db5 ... OK

Starting kernel ...

[    0.000000] Booting Linux on physical CPU 0x0000000000 [0x410fd034]
[    0.000000] Linux version 5.4.70-bsp-yocto-fsl-i.mx8mp-alpha2 (oe-user@oe-host) (gcc version 9.2.0 (GCC)) #1 SMP PREEMPT Fri Feb 11 12:04:23 UTC 2022
[    0.000000] Machine model: PHYTEC phyBOARD-Pollux i.MX8MP
[    0.000000] efi: Getting EFI parameters from FDT:
[    0.000000] efi: UEFI not found.
[    0.000000] Reserved memory: created CMA memory pool at 0x0000000056000000, size 960 MiB
[    0.000000] OF: reserved mem: initialized node linux,cma, compatible id shared-dma-pool
[    0.000000] NUMA: No NUMA configuration found
[    0.000000] NUMA: Faking a node at [mem 0x0000000040000000-0x00000000bfffffff]
[    0.000000] NUMA: NODE_DATA [mem 0xbfbcb500-0xbfbccfff]
[    0.000000] Zone ranges:
[    0.000000]   DMA32    [mem 0x0000000040000000-0x00000000bfffffff]
[    0.000000]   Normal   empty
[    0.000000] Movable zone start for each node
[    0.000000] Early memory node ranges
[    0.000000]   node   0: [mem 0x0000000040000000-0x00000000557fffff]
[    0.000000]   node   0: [mem 0x0000000056000000-0x00000000923fffff]
[    0.000000]   node   0: [mem 0x0000000094400000-0x00000000bfffffff]
[    0.000000] Initmem setup node 0 [mem 0x0000000040000000-0x00000000bfffffff]
[    0.000000] psci: probing for conduit method from DT.
[    0.000000] psci: PSCIv1.1 detected in firmware.
[    0.000000] psci: Using standard PSCI v0.2 function IDs
[    0.000000] psci: MIGRATE_INFO_TYPE not supported.
[    0.000000] psci: SMC Calling Convention v1.1
[    0.000000] percpu: Embedded 33 pages/cpu s98136 r8192 d28840 u135168
[    0.000000] Detected VIPT I-cache on CPU0
[    0.000000] CPU features: detected: ARM erratum 845719
[    0.000000] CPU features: detected: GIC system register CPU interface
[    0.000000] Speculative Store Bypass Disable mitigation not required
[    0.000000] Built 1 zonelists, mobility grouping on.  Total pages: 505856
[    0.000000] Policy zone: DMA32
[    0.000000] Kernel command line: console=ttymxc0,115200 root=/dev/mmcblk1p2 rootwait rw
[    0.000000] Dentry cache hash table entries: 262144 (order: 9, 2097152 bytes, linear)
[    0.000000] Inode-cache hash table entries: 131072 (order: 8, 1048576 bytes, linear)
[    0.000000] mem auto-init: stack:off, heap alloc:off, heap free:off
[    0.000000] Memory: 993764K/2056192K available (19836K kernel code, 2564K rwdata, 8260K rodata, 6848K init, 1055K bss, 79388K reserved, 983040K cma-reserved)
[    0.000000] SLUB: HWalign=64, Order=0-3, MinObjects=0, CPUs=4, Nodes=1
[    0.000000] ftrace: allocating 63385 entries in 248 pages
[    0.000000] rcu: Preemptible hierarchical RCU implementation.
[    0.000000] rcu:     RCU restricting CPUs from NR_CPUS=256 to nr_cpu_ids=4.
[    0.000000]  Tasks RCU enabled.
[    0.000000] rcu: RCU calculated value of scheduler-enlistment delay is 25 jiffies.
[    0.000000] rcu: Adjusting geometry for rcu_fanout_leaf=16, nr_cpu_ids=4
[    0.000000] NR_IRQS: 64, nr_irqs: 64, preallocated irqs: 0
[    0.000000] GICv3: GIC: Using split EOI/Deactivate mode
[    0.000000] GICv3: 160 SPIs implemented
[    0.000000] GICv3: 0 Extended SPIs implemented
[    0.000000] GICv3: Distributor has no Range Selector support
[    0.000000] GICv3: 16 PPIs implemented
[    0.000000] GICv3: no VLPI support, no direct LPI support
[    0.000000] GICv3: CPU0: found redistributor 0 region 0:0x0000000038880000
[    0.000000] ITS: No ITS available, not enabling LPIs
[    0.000000] random: get_random_bytes called from start_kernel+0x320/0x4b4 with crng_init=0
[    0.000000] arch_timer: cp15 timer(s) running at 8.00MHz (phys).
[    0.000000] clocksource: arch_sys_counter: mask: 0xffffffffffffff max_cycles: 0x1d854df40, max_idle_ns: 440795202120 ns
[    0.000003] sched_clock: 56 bits at 8MHz, resolution 125ns, wraps every 2199023255500ns
[    0.000505] Console: colour dummy device 80x25
[    0.000576] Calibrating delay loop (skipped), value calculated using timer frequency.. 16.00 BogoMIPS (lpj=32000)
[    0.000585] pid_max: default: 32768 minimum: 301
[    0.000672] LSM: Security Framework initializing
[    0.000734] Mount-cache hash table entries: 4096 (order: 3, 32768 bytes, linear)
[    0.000748] Mountpoint-cache hash table entries: 4096 (order: 3, 32768 bytes, linear)
[    0.001938] ASID allocator initialised with 32768 entries
[    0.002021] rcu: Hierarchical SRCU implementation.
[    0.005632] EFI services will not be available.
[    0.005899] smp: Bringing up secondary CPUs ...
[    0.006324] Detected VIPT I-cache on CPU1
[    0.006347] GICv3: CPU1: found redistributor 1 region 0:0x00000000388a0000
[    0.006376] CPU1: Booted secondary processor 0x0000000001 [0x410fd034]
[    0.006842] Detected VIPT I-cache on CPU2
[    0.006859] GICv3: CPU2: found redistributor 2 region 0:0x00000000388c0000
[    0.006876] CPU2: Booted secondary processor 0x0000000002 [0x410fd034]
[    0.007287] Detected VIPT I-cache on CPU3
[    0.007303] GICv3: CPU3: found redistributor 3 region 0:0x00000000388e0000
[    0.007319] CPU3: Booted secondary processor 0x0000000003 [0x410fd034]
[    0.007376] smp: Brought up 1 node, 4 CPUs
[    0.007400] SMP: Total of 4 processors activated.
[    0.007405] CPU features: detected: 32-bit EL0 Support
[    0.007413] CPU features: detected: CRC32 instructions
[    0.014275] CPU: All CPU(s) started at EL2
[    0.014297] alternatives: patching kernel code
[    0.015423] devtmpfs: initialized
[    0.024735] clocksource: jiffies: mask: 0xffffffff max_cycles: 0xffffffff, max_idle_ns: 7645041785100000 ns
[    0.024749] futex hash table entries: 1024 (order: 4, 65536 bytes, linear)
[    0.048678] pinctrl core: initialized pinctrl subsystem
[    0.049527] DMI not present or invalid.
[    0.049769] NET: Registered protocol family 16
[    0.057099] DMA: preallocated 256 KiB pool for atomic allocations
[    0.057124] audit: initializing netlink subsys (disabled)
[    0.057366] audit: type=2000 audit(0.056:1): state=initialized audit_enabled=0 res=1
[    0.058383] cpuidle: using governor menu
[    0.058910] hw-breakpoint: found 6 breakpoint and 4 watchpoint registers.
[    0.060119] Serial: AMBA PL011 UART driver
[    0.060199] imx mu driver is registered.
[    0.060227] imx rpmsg driver is registered.
[    0.066010] imx8mp-pinctrl 30330000.pinctrl: initialized IMX pinctrl driver
[    0.096916] HugeTLB registered 1.00 GiB page size, pre-allocated 0 pages
[    0.096923] HugeTLB registered 32.0 MiB page size, pre-allocated 0 pages
[    0.096930] HugeTLB registered 2.00 MiB page size, pre-allocated 0 pages
[    0.096938] HugeTLB registered 64.0 KiB page size, pre-allocated 0 pages
[    0.097867] cryptd: max_cpu_qlen set to 1000
[    0.101493] ACPI: Interpreter disabled.
[    0.102974] iommu: Default domain type: Translated 
[    0.103134] vgaarb: loaded
[    0.103448] SCSI subsystem initialized
[    0.103837] usbcore: registered new interface driver usbfs
[    0.103881] usbcore: registered new interface driver hub
[    0.103940] usbcore: registered new device driver usb
[    0.105838] mc: Linux media interface: v0.10
[    0.105866] videodev: Linux video capture interface: v2.00
[    0.105959] pps_core: LinuxPPS API ver. 1 registered
[    0.105965] pps_core: Software ver. 5.3.6 - Copyright 2005-2007 Rodolfo Giometti <giometti@linux.it>
[    0.105983] PTP clock support registered
[    0.106177] EDAC MC: Ver: 3.0.0
[    0.107305] No BMan portals available!
[    0.107563] QMan: Allocated lookup table at (____ptrval____), entry count 65537
[    0.107932] No QMan portals available!
[    0.108493] No USDPAA memory, no 'fsl,usdpaa-mem' in device-tree
[    0.109072] FPGA manager framework
[    0.109173] Advanced Linux Sound Architecture Driver Initialized.
[    0.109569] Bluetooth: Core ver 2.22
[    0.109615] NET: Registered protocol family 31
[    0.109620] Bluetooth: HCI device and connection manager initialized
[    0.109631] Bluetooth: HCI socket layer initialized
[    0.109639] Bluetooth: L2CAP socket layer initialized
[    0.109654] Bluetooth: SCO socket layer initialized
[    0.110548] clocksource: Switched to clocksource arch_sys_counter
[    0.751825] VFS: Disk quotas dquot_6.6.0
[    0.751875] VFS: Dquot-cache hash table entries: 512 (order 0, 4096 bytes)
[    0.752056] pnp: PnP ACPI: disabled
[    0.759222] thermal_sys: Registered thermal governor 'step_wise'
[    0.759224] thermal_sys: Registered thermal governor 'power_allocator'
[    0.759642] NET: Registered protocol family 2
[    0.759962] tcp_listen_portaddr_hash hash table entries: 1024 (order: 2, 16384 bytes, linear)
[    0.759992] TCP established hash table entries: 16384 (order: 5, 131072 bytes, linear)
[    0.760101] TCP bind hash table entries: 16384 (order: 6, 262144 bytes, linear)
[    0.760313] TCP: Hash tables configured (established 16384 bind 16384)
[    0.760387] UDP hash table entries: 1024 (order: 3, 32768 bytes, linear)
[    0.760429] UDP-Lite hash table entries: 1024 (order: 3, 32768 bytes, linear)
[    0.760565] NET: Registered protocol family 1
[    0.760906] RPC: Registered named UNIX socket transport module.
[    0.760911] RPC: Registered udp transport module.
[    0.760917] RPC: Registered tcp transport module.
[    0.760921] RPC: Registered tcp NFSv4.1 backchannel transport module.
[    0.761306] PCI: CLS 0 bytes, default 64
[    0.762016] hw perfevents: enabled with armv8_pmuv3 PMU driver, 7 counters available
[    0.762406] kvm [1]: IPA Size Limit: 40bits
[    0.763756] kvm [1]: GICv3: no GICV resource entry
[    0.763763] kvm [1]: disabling GICv2 emulation
[    0.763782] kvm [1]: GIC system register CPU interface enabled
[    0.763848] kvm [1]: vgic interrupt IRQ1
[    0.763949] kvm [1]: Hyp mode initialized successfully
[    0.767198] Initialise system trusted keyrings
[    0.767304] workingset: timestamp_bits=44 max_order=19 bucket_order=0
[    0.773705] squashfs: version 4.0 (2009/01/31) Phillip Lougher
[    0.774391] NFS: Registering the id_resolver key type
[    0.774411] Key type id_resolver registered
[    0.774416] Key type id_legacy registered
[    0.774428] nfs4filelayout_init: NFSv4 File Layout Driver Registering...
[    0.774449] jffs2: version 2.2. (NAND) �© 2001-2006 Red Hat, Inc.
[    0.774863] 9p: Installing v9fs 9p2000 file system support
[    0.788826] Key type asymmetric registered
[    0.788834] Asymmetric key parser 'x509' registered
[    0.788871] Block layer SCSI generic (bsg) driver version 0.4 loaded (major 244)
[    0.788877] io scheduler mq-deadline registered
[    0.788884] io scheduler kyber registered
[    0.791404] samsung-hdmi-phy 32fdff00.hdmiphy: failed to get phy apb clk: -517
[    0.797075] EINJ: ACPI disabled.
[    0.803535] i.MX8MP clock driver probe done
[    0.808091] imx-sdma 30bd0000.dma-controller: Direct firmware load for imx/sdma/sdma-imx7d.bin failed with error -2
[    0.808100] imx-sdma 30bd0000.dma-controller: Falling back to sysfs fallback for: imx/sdma/sdma-imx7d.bin
[    0.810320] mxs-dma 33000000.dma-apbh: initialized
[    0.812125] Bus freq driver module loaded
[    0.819731] Serial: 8250/16550 driver, 4 ports, IRQ sharing enabled
[    0.822252] 30860000.serial: ttymxc0 at MMIO 0x30860000 (irq = 28, base_baud = 1500000) is a IMX
[    1.813121] printk: console [ttymxc0] enabled
[    1.818139] 30890000.serial: ttymxc1 at MMIO 0x30890000 (irq = 29, base_baud = 5000000) is a IMX
[    1.831223] imx-lcdifv3 32fc6000.lcd-controller: No irq get
[    1.840547] imx-hdmi-pavi 32fc4000.hdmi-pai-pvi: No pvi clock get
[    1.850775] panel-simple panel1: panel1 supply power not found, using dummy regulator
[    1.859036] panel-simple panel0: panel0 supply power not found, using dummy regulator
[    1.874913] loop: module loaded
[    1.887022] imx ahci driver is registered.
[    1.895117] spi-nor spi0.0: mt25qu512a (65536 Kbytes)
[    1.904927] libphy: Fixed MDIO Bus: probed
[    1.910180] tun: Universal TUN/TAP device driver, 1.6
[    1.915407] CAN device driver interface
[    1.920195] thunder_xcv, ver 1.0
[    1.923473] thunder_bgx, ver 1.0
[    1.926748] nicpf, ver 1.0
[    1.930495] pps pps0: new PPS source ptp0
[    1.940089] Freescale FM module, FMD API version 21.1.0
[    1.945660] Freescale FM Ports module
[    1.949331] fsl_mac: fsl_mac: FSL FMan MAC API based driver
[    1.955112] fsl_dpa: FSL DPAA Ethernet driver
[    1.959624] fsl_advanced: FSL DPAA Advanced drivers:
[    1.964628] fsl_proxy: FSL DPAA Proxy initialization driver
[    1.970360] fsl_oh: FSL FMan Offline Parsing port driver
[    1.976850] hclge is initializing
[    1.980181] hns3: Hisilicon Ethernet Network Driver for Hip08 Family - version
[    1.987413] hns3: Copyright (c) 2017 Huawei Corporation.
[    1.992778] e1000: Intel(R) PRO/1000 Network Driver - version 7.3.21-k8-NAPI
[    1.999833] e1000: Copyright (c) 1999-2006 Intel Corporation.
[    2.005628] e1000e: Intel(R) PRO/1000 Network Driver - 3.2.6-k
[    2.011468] e1000e: Copyright(c) 1999 - 2015 Intel Corporation.
[    2.017431] igb: Intel(R) Gigabit Ethernet Network Driver - version 5.6.0-k
[    2.024399] igb: Copyright (c) 2007-2014 Intel Corporation.
[    2.030013] igbvf: Intel(R) Gigabit Virtual Function Network Driver - version 2.4.0-k
[    2.037856] igbvf: Copyright (c) 2009 - 2012 Intel Corporation.
[    2.044011] sky2: driver version 1.30
[    2.048485] imx-dwmac 30bf0000.ethernet: IRQ eth_lpi not found
[    2.054415] imx-dwmac 30bf0000.ethernet: no reset control found
[    2.060516] imx-dwmac 30bf0000.ethernet: User ID: 0x10, Synopsys ID: 0x51
[    2.067326] imx-dwmac 30bf0000.ethernet:     DWMAC4/5
[    2.072136] imx-dwmac 30bf0000.ethernet: DMA HW capability register supported
[    2.079283] imx-dwmac 30bf0000.ethernet: RX Checksum Offload Engine supported
[    2.086429] imx-dwmac 30bf0000.ethernet: TX Checksum insertion supported
[    2.093136] imx-dwmac 30bf0000.ethernet: Wake-Up On Lan supported
[    2.099257] imx-dwmac 30bf0000.ethernet: Enable RX Mitigation via HW Watchdog Timer
[    2.106925] imx-dwmac 30bf0000.ethernet: Enabled Flow TC (entries=8)
[    2.113295] imx-dwmac 30bf0000.ethernet: Enabling HW TC (entries=256, max_off=256)
[    2.121092] libphy: stmmac: probed
[    2.124749] mdio_bus stmmac-1: MDIO device at address 1 is missing.
[    2.132153] PPP generic driver version 2.4.2
[    2.136646] usbcore: registered new interface driver qmi_wwan
[    2.142437] usbcore: registered new interface driver qmi_wwan_q
[    2.148383] GobiNet: Quectel_Linux&Android_GobiNet_Driver_V1.6
[    2.154265] usbcore: registered new interface driver GobiNet
[    2.160187] VFIO - User Level meta-driver version: 0.3
[    2.170612] ehci_hcd: USB 2.0 'Enhanced' Host Controller (EHCI) Driver
[    2.177173] ehci-pci: EHCI PCI platform driver
[    2.181673] ehci-platform: EHCI generic platform driver
[    2.187163] ohci_hcd: USB 1.1 'Open' Host Controller (OHCI) Driver
[    2.193362] ohci-pci: OHCI PCI platform driver
[    2.197858] ohci-platform: OHCI generic platform driver
[    2.203916] usbcore: registered new interface driver cdc_wdm
[    2.209778] usbcore: registered new interface driver uas
[    2.215155] usbcore: registered new interface driver usb-storage
[    2.221245] usbcore: registered new interface driver usbserial_generic
[    2.227805] usbserial: USB Serial support registered for generic
[    2.233848] usbcore: registered new interface driver ftdi_sio
[    2.239624] usbserial: USB Serial support registered for FTDI USB Serial Device
[    2.246969] usbcore: registered new interface driver option
[    2.252570] usbserial: USB Serial support registered for GSM modem (1-port)
[    2.259573] usbcore: registered new interface driver usb_serial_simple
[    2.266130] usbserial: USB Serial support registered for carelink
[    2.272252] usbserial: USB Serial support registered for zio
[    2.277941] usbserial: USB Serial support registered for funsoft
[    2.283972] usbserial: USB Serial support registered for flashloader
[    2.290352] usbserial: USB Serial support registered for google
[    2.296308] usbserial: USB Serial support registered for libtransistor
[    2.302863] usbserial: USB Serial support registered for vivopay
[    2.308898] usbserial: USB Serial support registered for moto_modem
[    2.315199] usbserial: USB Serial support registered for motorola_tetra
[    2.321842] usbserial: USB Serial support registered for novatel_gps
[    2.328222] usbserial: USB Serial support registered for hp4x
[    2.333997] usbserial: USB Serial support registered for suunto
[    2.339945] usbserial: USB Serial support registered for siemens_mpi
[    2.346346] usbcore: registered new interface driver usb_ehset_test
[    2.355928] input: 30370000.snvs:snvs-powerkey as /devices/platform/soc@0/30000000.bus/30370000.snvs/30370000.snvs:snvs-powerkey/input/input0
[    2.369469] usbcore: registered new interface driver usbtouchscreen
[    2.377664] snvs_rtc 30370000.snvs:snvs-rtc-lp: registered as rtc1
[    2.384047] i2c /dev entries driver
[    2.398185] imx2-wdt 30280000.watchdog: timeout 60 sec (nowayout=0)
[    2.404944] Bluetooth: HCI UART driver ver 2.3
[    2.409403] Bluetooth: HCI UART protocol H4 registered
[    2.414550] Bluetooth: HCI UART protocol BCSP registered
[    2.419893] Bluetooth: HCI UART protocol LL registered
[    2.425040] Bluetooth: HCI UART protocol ATH3K registered
[    2.430466] Bluetooth: HCI UART protocol Three-wire (H5) registered
[    2.436863] Bluetooth: HCI UART protocol Broadcom registered
[    2.442564] Bluetooth: HCI UART protocol QCA registered
[    2.447891] EDAC MC: ECC not enabled
[    2.454445] sdhci: Secure Digital Host Controller Interface driver
[    2.460646] sdhci: Copyright(c) Pierre Ossman
[    2.465298] Synopsys Designware Multimedia Card Interface Driver
[    2.472125] sdhci-pltfm: SDHCI platform and OF driver helper
[    2.478603] mmc0: CQHCI version 5.10
[    2.482704] mmc1: CQHCI version 5.10
[    2.486807] mmc2: CQHCI version 5.10
[    2.522186] mmc2: SDHCI controller on 30b60000.mmc [30b60000.mmc] using ADMA
[    2.532643] ledtrig-cpu: registered to indicate activity on CPUs
[    2.540361] caam 30900000.crypto: device ID = 0x0a16040100000100 (Era 9)
[    2.547085] caam 30900000.crypto: job rings = 3, qi = 0
[    2.577948] caam algorithms registered in /proc/crypto
[    2.587595] caam 30900000.crypto: caam pkc algorithms registered in /proc/crypto
[    2.595031] caam 30900000.crypto: registering rng-caam
[    2.601060] Device caam-keygen registered
[    2.603876] mmc2: new HS400 MMC card at address 0001
[    2.610517] mmcblk2: mmc2:0001 Q2J55L 7.09 GiB 
[    2.615248] mmcblk2boot0: mmc2:0001 Q2J55L partition 1 16.0 MiB
[    2.621364] mmcblk2boot1: mmc2:0001 Q2J55L partition 2 16.0 MiB
[    2.627436] mmcblk2rpmb: mmc2:0001 Q2J55L partition 3 4.00 MiB, chardev (237:0)
[    2.635625] caam-snvs 30370000.caam-snvs: violation handlers armed - non-secure state
[    2.643814] hidraw: raw HID events driver (C) Jiri Kosina
[    2.649725] usbcore: registered new interface driver usbhid
[    2.649966] random: fast init done
[    2.655308] usbhid: USB HID core driver
[    2.663298] mxc-md 32c00000.bus:camera: deferring cap_device device registration
[    2.671872] mxc-isi 32e00000.isi: mxc_isi.0 registered successfully
[    2.674766] random: crng init done
[    2.682440] mxc-isi 32e02000.isi: mxc_isi.1 registered successfully
[    2.690017] mxc-mipi-csi2-sam 32e40000.csi: 32e40000.csi supply mipi-phy not found, using dummy regulator
[    2.699930] mxc-mipi-csi2-sam 32e40000.csi: lanes: 2, hs_settle: 13, clk_settle: 2, wclk: 1, freq: 500000000
[    2.710008] mxc-mipi-csi2-sam 32e50000.csi: 32e50000.csi supply mipi-phy not found, using dummy regulator
[    2.719833] mxc-mipi-csi2-sam 32e50000.csi: lanes: 2, hs_settle: 13, clk_settle: 2, wclk: 1, freq: 266000000
[    2.731478] No fsl,qman node
[    2.734361] Freescale USDPAA process driver
[    2.738561] fsl-usdpaa: no region found
[    2.742397] Freescale USDPAA process IRQ driver
[    2.754782] Galcore version 6.4.3.p1.305572
[    2.891765] [drm] Initialized vivante 1.0.0 20170808 for 40000000.mix_gpu_ml on minor 0
[    2.901210] hantrodec 0 : module inserted. Major = 235
[    2.906930] hantrodec 1 : module inserted. Major = 235
[    2.913686] hantroenc: HW at base <0000000038320000> with ID <0x80006200>
[    2.920622] hx280enc: module inserted. Major <234>
[    2.942287] imx-cdnhdmi sound-hdmi: ASoC: failed to init link imx8 hdmi: -517
[    2.949440] imx-cdnhdmi sound-hdmi: snd_soc_register_card failed (-517)
[    2.956581] pktgen: Packet Generator for packet performance testing. Version: 2.75
[    2.968934] drop_monitor: Initializing network drop monitor service
[    2.975305] NET: Registered protocol family 26
[    2.980342] NET: Registered protocol family 10
[    2.985466] Segment Routing with IPv6
[    2.989199] NET: Registered protocol family 17
[    2.993658] can: controller area network core (rev 20170425 abi 9)
[    2.999883] NET: Registered protocol family 29
[    3.004339] can: raw protocol (rev 20170425)
[    3.008617] can: broadcast manager protocol (rev 20170425 t)
[    3.014286] can: netlink gateway (rev 20190810) max_hops=1
[    3.020167] Bluetooth: RFCOMM TTY layer initialized
[    3.025066] Bluetooth: RFCOMM socket layer initialized
[    3.030234] Bluetooth: RFCOMM ver 1.11
[    3.033998] Bluetooth: BNEP (Ethernet Emulation) ver 1.3
[    3.039316] Bluetooth: BNEP filters: protocol multicast
[    3.044552] Bluetooth: BNEP socket layer initialized
[    3.049524] Bluetooth: HIDP (Human Interface Emulation) ver 1.2
[    3.055456] Bluetooth: HIDP socket layer initialized
[    3.060462] 8021q: 802.1Q VLAN Support v1.8
[    3.064674] lib80211: common routines for IEEE802.11 drivers
[    3.070457] 9pnet: Installing 9P2000 support
[    3.074770] tsn generic netlink module v1 init...
[    3.079544] Key type dns_resolver registered
[    3.084487] registered taskstats version 1
[    3.088601] Loading compiled-in X.509 certificates
[    3.125529] pca9450 0-0025: Device ID=0x30
[    3.129656] pca9450 0-0025: gpio_intr = 114
[    3.133850] pca9450 0-0025: chip_irq=188
[    3.150791] tmp102 0-0048: error reading config register
[    3.156716] tmp102 0-0049: error reading config register
[    3.162597] tmp102 0-004a: error reading config register
[    3.168470] tmp102 0-004b: error reading config register
[    3.174579] at24 0-0051: 4096 byte 24c32 EEPROM, writable, 32 bytes/write
[    3.182094] at24 0-0059: 32 byte 24c32 EEPROM, writable, 32 bytes/write
[    3.189321] rtc-rv3028 0-0052: Voltage low, data loss detected.
[    3.277274] rtc-rv3028 0-0052: Voltage low, data is invalid.
[    3.283409] rtc-rv3028 0-0052: registered as rtc0
[    3.291254] i2c i2c-0: IMX I2C adapter registered
[    3.298229] at24 1-0051: 256 byte 24c02 EEPROM, writable, 16 bytes/write
[    3.305412] link-frequencies 0 value 456000000
[    3.309899] imx219 1-001a: 1-001a supply VANA not found, using dummy regulator
[    3.317206] imx219 1-001a: 1-001a supply VDIG not found, using dummy regulator
[    3.324480] imx219 1-001a: 1-001a supply VDDL not found, using dummy regulator
[    3.338771] imx219 1-001a: failed to read chip id 219
[    3.343956] imx219: probe of 1-001a failed with error -5
[    3.349341] i2c i2c-1: IMX I2C adapter registered
[    3.355417] link-frequencies 0 value 456000000
[    3.359920] imx219 2-001a: 2-001a supply VANA not found, using dummy regulator
[    3.367218] imx219 2-001a: 2-001a supply VDIG not found, using dummy regulator
[    3.374484] imx219 2-001a: 2-001a supply VDDL not found, using dummy regulator
[    3.390707] i2c i2c-2: IMX I2C adapter registered
[    3.397000] tlv320aic3x-codec 3-0018: 3-0018 supply IOVDD not found, using dummy regulator
[    3.405354] tlv320aic3x-codec 3-0018: 3-0018 supply DVDD not found, using dummy regulator
[    3.413576] tlv320aic3x-codec 3-0018: 3-0018 supply AVDD not found, using dummy regulator
[    3.421799] tlv320aic3x-codec 3-0018: 3-0018 supply DRVDD not found, using dummy regulator
[    3.430125] tlv320aic3x-codec 3-0018: Invalid supply voltage(s) AVDD: -22, DVDD: -22
[    3.438099] tlv320aic3x-codec 3-0018: Failed to init class D: -6
[    3.501564] i2c i2c-3: IMX I2C adapter registered
[    3.507300] imx8mq-usb-phy 381f0040.usb-phy: 381f0040.usb-phy supply vbus not found, using dummy regulator
[    3.517296] imx8mq-usb-phy 382f0040.usb-phy: 382f0040.usb-phy supply vbus not found, using dummy regulator
[    3.530311] pwm-backlight backlight0: backlight0 supply power not found, using dummy regulator
[    3.530337] imx6q-pcie 33800000.pcie: 33800000.pcie supply epdev_on not found, using dummy regulator
[    3.548318] imx6q-pcie 33800000.pcie: PLL REF_CLK is used!.
[    3.554496] imx6q-pcie 33800000.pcie: PCIe PHY PLL clock is locked.
[    3.564237] [drm] Supports vblank timestamp caching Rev 2 (21.10.2013).
[    3.570865] [drm] No driver support for vblank timestamp query.
[    3.576868] imx-drm display-subsystem: bound imx-lcdifv3-crtc.0 (ops lcdifv3_crtc_ops)
[    3.584842] imx-drm display-subsystem: bound imx-lcdifv3-crtc.1 (ops lcdifv3_crtc_ops)
[    3.586923] imx6q-pcie 33800000.pcie: PCIe PLL locked after 0 us.
[    3.598928] imx6q-pcie 33800000.pcie: host bridge /pcie@33800000 ranges:
[    3.605643] imx6q-pcie 33800000.pcie:   No bus range found for /pcie@33800000, using [bus 00-ff]
[    3.605661] imx6q-pcie 33800000.pcie:    IO 0x1ff80000..0x1ff8ffff -> 0x00000000
[    3.621845] imx6q-pcie 33800000.pcie:   MEM 0x18000000..0x1fefffff -> 0x18000000
[    3.629984] panel-simple panel1: panel1 supply power not found, using dummy regulator
[    3.638246] panel-simple panel0: panel0 supply power not found, using dummy regulator
[    3.647661] pps pps0: new PPS source ptp0
[    3.658061] libphy: fec_enet_mii_bus: probed
[    3.665518] fec 30be0000.ethernet eth1: registered PHC device 0
[    3.672572] xhci-hcd xhci-hcd.1.auto: xHCI Host Controller
[    3.678091] xhci-hcd xhci-hcd.1.auto: new USB bus registered, assigned bus number 1
[    3.686107] xhci-hcd xhci-hcd.1.auto: hcc params 0x0220fe6c hci version 0x110 quirks 0x0000002001810010
[    3.695561] xhci-hcd xhci-hcd.1.auto: irq 69, io mem 0x38100000
[    3.702501] hub 1-0:1.0: USB hub found
[    3.706286] hub 1-0:1.0: 1 port detected
[    3.710580] xhci-hcd xhci-hcd.1.auto: xHCI Host Controller
[    3.716090] xhci-hcd xhci-hcd.1.auto: new USB bus registered, assigned bus number 2
[    3.723764] xhci-hcd xhci-hcd.1.auto: Host supports USB 3.0 SuperSpeed
[    3.730349] usb usb2: We don't know the algorithms for LPM for this host, disabling LPM.
[    3.739515] hub 2-0:1.0: USB hub found
[    3.743300] hub 2-0:1.0: 1 port detected
[    3.748886] xhci-hcd xhci-hcd.2.auto: xHCI Host Controller
[    3.754409] xhci-hcd xhci-hcd.2.auto: new USB bus registered, assigned bus number 3
[    3.762422] xhci-hcd xhci-hcd.2.auto: hcc params 0x0220fe6c hci version 0x110 quirks 0x0000002001810010
[    3.771863] xhci-hcd xhci-hcd.2.auto: irq 70, io mem 0x38200000
[    3.779069] hub 3-0:1.0: USB hub found
[    3.782865] hub 3-0:1.0: 1 port detected
[    3.787126] xhci-hcd xhci-hcd.2.auto: xHCI Host Controller
[    3.792635] xhci-hcd xhci-hcd.2.auto: new USB bus registered, assigned bus number 4
[    3.800331] xhci-hcd xhci-hcd.2.auto: Host supports USB 3.0 SuperSpeed
[    3.806927] usb usb4: We don't know the algorithms for LPM for this host, disabling LPM.
[    3.815874] hub 4-0:1.0: USB hub found
[    3.819667] hub 4-0:1.0: 1 port detected
[    3.828295] imx-cpufreq-dt imx-cpufreq-dt: cpu speed grade 7 mkt segment 2 supported-hw 0x80 0x4
[    3.838894] mmc0: CQHCI version 5.10
[    3.842596] sdhci-esdhc-imx 30b40000.mmc: allocated mmc-pwrseq
[    3.987742] mmc0: SDHCI controller on 30b40000.mmc [30b40000.mmc] using ADMA
[    3.995980] mmc1: CQHCI version 5.10
[    3.999648] sdhci-esdhc-imx 30b50000.mmc: Got CD GPIO
[    4.037212] mmc1: SDHCI controller on 30b50000.mmc [30b50000.mmc] using ADMA
[    4.046025] mx8-img-md: Registered mxc_isi.0.capture as /dev/video0
[    4.052887] mx8-img-md: Registered mxc_isi.1.capture as /dev/video1
[    4.059333] mx8-img-md: Registered sensor subdevice: imx219 2-001a (1)
[    4.065894] mx8-img-md: created link [mxc_isi.0] => [mxc_isi.0.capture]
[    4.072575] mx8-img-md: created link [mxc-mipi-csi2.0] => [mxc_isi.0]
[    4.079048] mx8-img-md: created link [mxc_isi.1] => [mxc_isi.1.capture]
[    4.085696] mx8-img-md: created link [mxc-mipi-csi2.1] => [mxc_isi.1]
[    4.092204] mx8-img-md: subdev_notifier_complete error exit
[    4.098367] mx8-img-md: Unregistered all entities
[    4.103150] mxc-md: probe of 32c00000.bus:camera failed with error -515
[    4.111534] debugfs: Directory '30c20000.sai' with parent 'snd-peb-av-10' already present!
[    4.119940] asoc-simple-card sound-peb-av-10: tlv320aic3x-hifi <-> 30c20000.sai mapping ok
[    4.128323] asoc-simple-card sound-peb-av-10: ASoC: no DMI vendor name!
[    4.130571] usb 3-1: new high-speed USB device number 2 using xhci-hcd
[    4.144143] imx-cdnhdmi sound-hdmi: ASoC: failed to init link imx8 hdmi: -517
[    4.151321] imx-cdnhdmi sound-hdmi: snd_soc_register_card failed (-517)
[    4.158674] [drm] Supports vblank timestamp caching Rev 2 (21.10.2013).
[    4.165423] [drm] No driver support for vblank timestamp query.
[    4.171442] imx-drm display-subsystem: bound imx-lcdifv3-crtc.0 (ops lcdifv3_crtc_ops)
[    4.179447] imx-drm display-subsystem: bound imx-lcdifv3-crtc.1 (ops lcdifv3_crtc_ops)
[    4.187585] imx-drm display-subsystem: bound 32c00000.bus:ldb@32ec005c (ops imx8mp_ldb_ops)
[    4.196257] dwhdmi-imx 32fd8000.hdmi: Detected HDMI TX controller v2.13a with HDCP (samsung_dw_hdmi_phy2)
[    4.207396] dwhdmi-imx 32fd8000.hdmi: registered DesignWare HDMI I2C bus driver
[    4.217319] imx-drm display-subsystem: bound 32fd8000.hdmi (ops dw_hdmi_imx_ops)
[    4.225887] [drm] Initialized imx-drm 1.0.0 20120507 for display-subsystem on minor 1
[    4.285248] Console: switching to colour frame buffer device 160x50
[    4.306597] imx-drm display-subsystem: fb0: imx-drmdrmfb frame buffer device
[    4.315178] debugfs: Directory '30cb0000.aud2htx' with parent 'audio-hdmi' already present!
[    4.323714] imx-cdnhdmi sound-hdmi: i2s-hifi <-> 30cb0000.aud2htx mapping ok
[    4.330816] imx-cdnhdmi sound-hdmi: ASoC: no DMI vendor name!
[    4.337849] input: audio-hdmi HDMI Jack as /devices/platform/sound-hdmi/sound/card2/input1
[    4.350162] rtc-rv3028 0-0052: Voltage low, data is invalid.
[    4.355923] mmc1: host does not support reading read-only switch, assuming write-enable
[    4.358567] rtc-rv3028 0-0052: hctosys: unable to read the hardware clock
[    4.370896] hub 3-1:1.0: USB hub found
[    4.374948] cfg80211: Loading compiled-in X.509 certificates for regulatory database
[    4.375037] hub 3-1:1.0: 4 ports detected
[    4.385267] cfg80211: Loaded X.509 cert 'sforshee: 00b28ddf47aef9cea7'
[    4.393323] platform regulatory.0: Direct firmware load for regulatory.db failed with error -2
[    4.401952] platform regulatory.0: Falling back to sysfs fallback for: regulatory.db
[    4.415142] usb 4-1: new SuperSpeed Gen 1 USB device number 2 using xhci-hcd
[    4.434340] ALSA device list:
[    4.437321]   #0: Dummy 1
[    4.439947]   #1: snd-peb-av-10
[    4.443093]   #2: audio-hdmi
[    4.479603] hub 4-1:1.0: USB hub found
[    4.483402] hub 4-1:1.0: 4 ports detected
[    4.490327] mmc1: new ultra high speed SDR104 SDHC card at address aaaa
[    4.497489] mmcblk1: mmc1:aaaa SC16G 14.8 GiB 
[    4.506651]  mmcblk1: p1 p2
[    4.623456] imx6q-pcie 33800000.pcie: Phy link never came up
[    4.629159] imx6q-pcie 33800000.pcie: failed to initialize host
[    4.635085] imx6q-pcie 33800000.pcie: unable to add pcie port.
[    4.751702] EXT4-fs (mmcblk1p2): recovery complete
[    4.757614] EXT4-fs (mmcblk1p2): mounted filesystem with ordered data mode. Opts: (null)
[    4.765762] VFS: Mounted root (ext4 filesystem) on device 179:98.
[    4.775589] devtmpfs: mounted
[    4.784738] Freeing unused kernel memory: 6848K
[    4.789320] Run /sbin/init as init process
[    4.924521] systemd[1]: systemd 243.2+ running in system mode. (+PAM -AUDIT -SELINUX -IMA -APPARMOR -SMACK +SYSVINIT -UTMP -LIBCRYPTSETUP -GCRYPT -GNUTLS -ACL -XZ +LZ4 -SECCOMP +BLKID -ELFUTILS +KMOD -IDN2 -)
[    4.946633] systemd[1]: Detected architecture arm64.

Welcome to The Yogurt Distribution BSP-Yocto-FSL-i.MX8MP-ALPHA2!

[    4.993395] systemd[1]: Set hostname to <raibos>.
[    5.209289] systemd[1]: /lib/systemd/system/fancontrol.service:8: PIDFile= references a path below legacy directory /var/run/, updating /var/run/fancontrol.pid ��→ /run/fancontrol.pid; please update the unit.
[    5.252273] systemd[1]: /lib/systemd/system/rpcbind.socket:5: ListenStream= references a path below legacy directory /var/run/, updating /var/run/rpcbind.sock ��→ /run/rpcbind.sock; please update the unit fi.
[    5.275347] systemd[1]: /lib/systemd/system/dbus.socket:5: ListenStream= references a path below legacy directory /var/run/, updating /var/run/dbus/system_bus_socket ��→ /run/dbus/system_bus_socket; please u.
[    5.308203] systemd[1]: Created slice system-getty.slice.
[  OK  ] Created slice system-getty.slice.
[    5.321454] systemd[1]: Created slice system-serial\x2dgetty.slice.
[  OK  ] Created slice system-serial\x2dgetty.slice.
[    5.343523] systemd[1]: Created slice User and Session Slice.
[  OK  ] Created slice User and Session Slice.
[    5.367475] systemd[1]: Started Dispatch Password Requests to Console Directory Watch.
[  OK  ] Started Dispatch Password ��…ts to Console Directory Watch.
[  OK  ] Started Forward Password R��…uests to Wall Directory Watch.
[  OK  ] Reached target Paths.
[  OK  ] Reached target Remote File Systems.
[  OK  ] Reached target Slices.
[  OK  ] Reached target Swap.
[  OK  ] Listening on initctl Compatibility Named Pipe.
[  OK  ] Listening on Journal Audit Socket.
[  OK  ] Listening on Journal Socket (/dev/log).
[  OK  ] Listening on Journal Socket.
[  OK  ] Listening on Network Service Netlink Socket.
[  OK  ] Listening on udev Control Socket.
[  OK  ] Listening on udev Kernel Socket.
         Mounting Huge Pages File System...
         Mounting POSIX Message Queue File System...
         Mounting Kernel Debug File System...
         Mounting Temporary Directory (/tmp)...
         Starting Create list of st��…odes for the current kernel...
         Starting Journal Service...
         Mounting Kernel Configuration File System...
         Starting Remount Root and Kernel File Systems...
[    5.716167] EXT4-fs (mmcblk1p2): re-mounted. Opts: (null)
         Starting Apply Kernel Variables...
         Starting udev Coldplug all Devices...
[  OK  ] Mounted Huge Pages File System.
[  OK  ] Mounted POSIX Message Queue File System.
[  OK  ] Mounted Kernel Debug File System.
[  OK  ] Mounted Temporary Directory (/tmp).
[  OK  ] Started Create list of sta��… nodes for the current kernel.
[  OK  ] Mounted Kernel Configuration File System.
[  OK  ] Started Remount Root and Kernel File Systems.
[  OK  ] Started Apply Kernel Variables.
         Starting Create Static Device Nodes in /dev...
[  OK  ] Started Create Static Device Nodes in /dev.
[  OK  ] Reached target Local File Systems (Pre).
         Mounting /var/volatile...
         Starting udev Kernel Device Manager...
[  OK  ] Started Journal Service.
[  OK  ] Mounted /var/volatile.
         Starting Flush Journal to Persistent Storage...
[    6.045217] systemd-journald[259]: Received client request to flush runtime journal.
[  OK  ] Reached target Local File Systems.
[  OK  ] Started Flush Journal to Persistent Storage.
[  OK  ] Started udev Kernel Device Manager.
         Starting Network Service...
         Starting Create Volatile Files and Directories...
[  OK  ] Started Create Volatile Files and Directories.
[  OK  ] Started Network Service.
         Starting Network Name Resolution...
[  OK  ] Started udev Coldplug all Devices.
[  OK  ] Reached target System Initialization.
[  OK  ] Started Daily Cleanup of Temporary Directories.
[  OK  ] Reached target Boot Completion Check.
[  OK  ] Reached target Timers.
[  OK  ] Listening on D-Bus System Message Bus Socket.
[  OK  ] Listening on RPCbind Server Activation Socket.
         Starting sshd.socket.
         Starting Start Psplash Boot Screen...
[  OK  ] Started Network Name Resolution.
[  OK  ] Listening on sshd.socket.
[  OK  ] Started Start Psplash Boot Screen.
[  OK  ] Reached target Network.
[  OK  ] Reached target Host and Network Name Lookups.
[  OK  ] Reached target Sockets.
[  OK  ] Reached target Basic System.
[  OK  ] Started can0 interface setup.
[  OK  ] Started D-Bus System Message Bus.
[  OK  ] Started Start fan control, if configured.
[  OK  ] Started Configuration for i.MX GPU (Former rc_gpu.S).
         Starting Install MySQL Community Server Database...
[  OK  ] Started Updates psplash to basic.
[  OK  ] Started Update psplash to network.
         Starting Terminate Psplash Boot Screen...
[    6.642916] cfg80211: failed to load regulatory.db
         Starting Rauc Good-marking Service...
         Starting RPC Bind Service...
         Starting Login Service...
         Starting Permit User Sessions...
[  OK  ] Started HawkBit client for Rauc.
[  OK  ] Started Install MySQL Community Server Database.
[  OK  ] Started Terminate Psplash Boot Screen.
[  OK  ] Started RPC Bind Service.
[  OK  ] Started Permit User Sessions.
[    6.878108] imx-dwmac 30bf0000.ethernet eth0: no phy at addr -1
[    6.886892] imx-dwmac 30bf0000.ethernet eth0: stmmac_open: Cannot attach to PHY (error: -19)
[    6.940295] TI DP83867 30be0000.ethernet-1:00: attached PHY driver [TI DP83867] (mii_bus:phy_addr=30be0000.ethernet-1:00, irq=89)
[    7.070215] imx-sdma 30bd0000.dma-controller: loaded firmware 4.5
[  OK  ] Started Login Service.
[  OK  ] Created slice system-weston.slice.
         Starting Save/Restore Sound Card State...
[  OK  ] Started Getty on tty1.
[  OK  ] Started NFS status monitor for NFSv2/3 locking..
         Starting Rauc Update Service...
[  OK  ] Started Serial Getty on ttymxc0.
[    7.238680] audit: type=1701 audit(7.236:2): auid=4294967295 uid=0 gid=0 ses=4294967295 pid=488 comm="rauc" exe="/usr/bin/rauc" sig=5 res=1
[  OK  ] Reached target Login Prompts.
         Starting Weston Wayland Compositor (on tty7)...
[  OK  ] Started Save/Restore Sound Card State.
[FAILED] Failed to start Rauc Update Service.
See 'systemctl status rauc.service' for details.
[  OK  ] Started Weston Wayland Compositor (on tty7).
[  OK  ] Reached target Sound Card.
[  OK  ] Created slice User Slice of UID 0.
         Starting User Runtime Directory /run/user/0...
[  OK  ] Started User Runtime Directory /run/user/0.
         Starting User Manager for UID 0...
[    7.569597] audit: type=1006 audit(7.564:3): pid=493 uid=0 old-auid=4294967295 auid=0 tty=(none) old-ses=4294967295 ses=1 res=1
[  OK  ] Started User Manager for UID 0.
[  OK  ] Started Session c1 of user root.

 ____   _   _ __   __ _____  _____   ____
|  _ \ | | | |\ \ / /|_   _|| ____| / ___|
| |_) || |_| | \ V /   | |  |  _|  | |
|  __/ |  _  |  | |    | |  | |___ | |___
|_|    |_| |_|  |_|    |_|  |_____| \____|

__   __  ___    ____  _   _  ____   _____
\ \ / / / _ \  / ___|| | | ||  _ \ |_   _|
 \ V / | | | || |  _ | | | || |_) |  | |
  | |  | |_| || |_| || |_| ||  _ <   | |
  |_|   \___/  \____| \___/ |_| \_\  |_|


Yogurt Vendor xwayland (Phytec Vendor Distribution) BSP-Yocto-FSL-i.MX8MP-ALPHA2 raibos ttymxc0

raibos login: root
Last login: Thu Jan  1 00:00:07 UTC 1970 on tty7
usermod: no changes
root@raibos:~#